Archive member included to satisfy reference by file (symbol)

/usr/lib/gcc/arm-none-eabi/9.2.1/../../../arm-none-eabi/lib/thumb/v7-m/nofp/libc_nano.a(lib_a-atexit.o)
                              /usr/lib/gcc/arm-none-eabi/9.2.1/../../../arm-none-eabi/lib/thumb/v7-m/nofp/crt0.o (atexit)
/usr/lib/gcc/arm-none-eabi/9.2.1/../../../arm-none-eabi/lib/thumb/v7-m/nofp/libc_nano.a(lib_a-exit.o)
                              /usr/lib/gcc/arm-none-eabi/9.2.1/../../../arm-none-eabi/lib/thumb/v7-m/nofp/crt0.o (exit)
/usr/lib/gcc/arm-none-eabi/9.2.1/../../../arm-none-eabi/lib/thumb/v7-m/nofp/libc_nano.a(lib_a-fini.o)
                              /usr/lib/gcc/arm-none-eabi/9.2.1/../../../arm-none-eabi/lib/thumb/v7-m/nofp/crt0.o (__libc_fini_array)
/usr/lib/gcc/arm-none-eabi/9.2.1/../../../arm-none-eabi/lib/thumb/v7-m/nofp/libc_nano.a(lib_a-impure.o)
                              /usr/lib/gcc/arm-none-eabi/9.2.1/../../../arm-none-eabi/lib/thumb/v7-m/nofp/libc_nano.a(lib_a-exit.o) (_global_impure_ptr)
/usr/lib/gcc/arm-none-eabi/9.2.1/../../../arm-none-eabi/lib/thumb/v7-m/nofp/libc_nano.a(lib_a-init.o)
                              /usr/lib/gcc/arm-none-eabi/9.2.1/../../../arm-none-eabi/lib/thumb/v7-m/nofp/crt0.o (__libc_init_array)
/usr/lib/gcc/arm-none-eabi/9.2.1/../../../arm-none-eabi/lib/thumb/v7-m/nofp/libc_nano.a(lib_a-memcpy.o)
                              build/queue.o (memcpy)
/usr/lib/gcc/arm-none-eabi/9.2.1/../../../arm-none-eabi/lib/thumb/v7-m/nofp/libc_nano.a(lib_a-memset.o)
                              /usr/lib/gcc/arm-none-eabi/9.2.1/../../../arm-none-eabi/lib/thumb/v7-m/nofp/crt0.o (memset)
/usr/lib/gcc/arm-none-eabi/9.2.1/../../../arm-none-eabi/lib/thumb/v7-m/nofp/libc_nano.a(lib_a-__atexit.o)
                              /usr/lib/gcc/arm-none-eabi/9.2.1/../../../arm-none-eabi/lib/thumb/v7-m/nofp/libc_nano.a(lib_a-atexit.o) (__register_exitproc)
/usr/lib/gcc/arm-none-eabi/9.2.1/../../../arm-none-eabi/lib/thumb/v7-m/nofp/libc_nano.a(lib_a-__call_atexit.o)
                              /usr/lib/gcc/arm-none-eabi/9.2.1/../../../arm-none-eabi/lib/thumb/v7-m/nofp/libc_nano.a(lib_a-__atexit.o) (__call_exitprocs)
/usr/lib/gcc/arm-none-eabi/9.2.1/../../../arm-none-eabi/lib/thumb/v7-m/nofp/libnosys.a(_exit.o)
                              /usr/lib/gcc/arm-none-eabi/9.2.1/../../../arm-none-eabi/lib/thumb/v7-m/nofp/libc_nano.a(lib_a-exit.o) (_exit)

Allocating common symbols
Common symbol       size              file

defaultTaskHandle   0x4               build/main.o
uwTick              0x4               build/stm32f1xx_hal.o
xQueueRegistry      0x40              build/queue.o
pFlash              0x20              build/stm32f1xx_hal_flash.o
htim1               0x48              build/stm32f1xx_hal_timebase_tim.o

Discarded input sections

 .text          0x0000000000000000        0x0 /usr/lib/gcc/arm-none-eabi/9.2.1/thumb/v7-m/nofp/crti.o
 .data          0x0000000000000000        0x0 /usr/lib/gcc/arm-none-eabi/9.2.1/thumb/v7-m/nofp/crti.o
 .bss           0x0000000000000000        0x0 /usr/lib/gcc/arm-none-eabi/9.2.1/thumb/v7-m/nofp/crti.o
 .data          0x0000000000000000        0x4 /usr/lib/gcc/arm-none-eabi/9.2.1/thumb/v7-m/nofp/crtbegin.o
 .text          0x0000000000000000       0x70 /usr/lib/gcc/arm-none-eabi/9.2.1/../../../arm-none-eabi/lib/thumb/v7-m/nofp/crt0.o
 .data          0x0000000000000000        0x0 /usr/lib/gcc/arm-none-eabi/9.2.1/../../../arm-none-eabi/lib/thumb/v7-m/nofp/crt0.o
 .bss           0x0000000000000000        0x0 /usr/lib/gcc/arm-none-eabi/9.2.1/../../../arm-none-eabi/lib/thumb/v7-m/nofp/crt0.o
 .ARM.extab     0x0000000000000000        0x0 /usr/lib/gcc/arm-none-eabi/9.2.1/../../../arm-none-eabi/lib/thumb/v7-m/nofp/crt0.o
 .ARM.exidx     0x0000000000000000       0x10 /usr/lib/gcc/arm-none-eabi/9.2.1/../../../arm-none-eabi/lib/thumb/v7-m/nofp/crt0.o
 .debug_line    0x0000000000000000       0x87 /usr/lib/gcc/arm-none-eabi/9.2.1/../../../arm-none-eabi/lib/thumb/v7-m/nofp/crt0.o
 .debug_info    0x0000000000000000       0x26 /usr/lib/gcc/arm-none-eabi/9.2.1/../../../arm-none-eabi/lib/thumb/v7-m/nofp/crt0.o
 .debug_abbrev  0x0000000000000000       0x14 /usr/lib/gcc/arm-none-eabi/9.2.1/../../../arm-none-eabi/lib/thumb/v7-m/nofp/crt0.o
 .debug_aranges
                0x0000000000000000       0x20 /usr/lib/gcc/arm-none-eabi/9.2.1/../../../arm-none-eabi/lib/thumb/v7-m/nofp/crt0.o
 .debug_str     0x0000000000000000       0x94 /usr/lib/gcc/arm-none-eabi/9.2.1/../../../arm-none-eabi/lib/thumb/v7-m/nofp/crt0.o
 .ARM.attributes
                0x0000000000000000       0x1b /usr/lib/gcc/arm-none-eabi/9.2.1/../../../arm-none-eabi/lib/thumb/v7-m/nofp/crt0.o
 .text          0x0000000000000000        0x0 build/main.o
 .data          0x0000000000000000        0x0 build/main.o
 .bss           0x0000000000000000        0x0 build/main.o
 .text.Error_Handler
                0x0000000000000000        0x4 build/main.o
 .text          0x0000000000000000        0x0 build/freertos.o
[...]
Memory Configuration

Name             Origin             Length             Attributes
RAM              0x0000000020000000 0x0000000000010000 xrw
FLASH            0x0000000008000000 0x0000000000080000 xr
*default*        0x0000000000000000 0xffffffffffffffff

Linker script and memory map

LOAD /usr/lib/gcc/arm-none-eabi/9.2.1/thumb/v7-m/nofp/crti.o
LOAD /usr/lib/gcc/arm-none-eabi/9.2.1/thumb/v7-m/nofp/crtbegin.o
LOAD /usr/lib/gcc/arm-none-eabi/9.2.1/../../../arm-none-eabi/lib/thumb/v7-m/nofp/crt0.o
LOAD build/main.o
LOAD build/freertos.o
LOAD build/stm32f1xx_it.o
LOAD build/stm32f1xx_hal_msp.o
LOAD build/stm32f1xx_hal_timebase_tim.o
LOAD build/stm32f1xx_hal_gpio_ex.o
LOAD build/stm32f1xx_hal.o
LOAD build/stm32f1xx_hal_rcc.o
LOAD build/stm32f1xx_hal_rcc_ex.o
LOAD build/stm32f1xx_hal_gpio.o
LOAD build/stm32f1xx_hal_dma.o
LOAD build/stm32f1xx_hal_cortex.o
LOAD build/stm32f1xx_hal_pwr.o
LOAD build/stm32f1xx_hal_flash.o
LOAD build/stm32f1xx_hal_flash_ex.o
LOAD build/stm32f1xx_hal_exti.o
LOAD build/stm32f1xx_hal_tim.o
LOAD build/stm32f1xx_hal_tim_ex.o
LOAD build/system_stm32f1xx.o
LOAD build/croutine.o
LOAD build/event_groups.o
LOAD build/list.o
LOAD build/queue.o
LOAD build/stream_buffer.o
LOAD build/tasks.o
LOAD build/timers.o
LOAD build/cmsis_os.o
LOAD build/heap_4.o
LOAD build/port.o
LOAD build/startup_stm32f103xe.o
LOAD /usr/lib/gcc/arm-none-eabi/9.2.1/../../../arm-none-eabi/lib/thumb/v7-m/nofp/libc_nano.a
LOAD /usr/lib/gcc/arm-none-eabi/9.2.1/../../../arm-none-eabi/lib/thumb/v7-m/nofp/libm.a
LOAD /usr/lib/gcc/arm-none-eabi/9.2.1/../../../arm-none-eabi/lib/thumb/v7-m/nofp/libnosys.a
START GROUP
LOAD /usr/lib/gcc/arm-none-eabi/9.2.1/thumb/v7-m/nofp/libgcc.a
LOAD /usr/lib/gcc/arm-none-eabi/9.2.1/../../../arm-none-eabi/lib/thumb/v7-m/nofp/libc_nano.a
END GROUP
START GROUP
LOAD /usr/lib/gcc/arm-none-eabi/9.2.1/thumb/v7-m/nofp/libgcc.a
LOAD /usr/lib/gcc/arm-none-eabi/9.2.1/../../../arm-none-eabi/lib/thumb/v7-m/nofp/libc_nano.a
END GROUP
LOAD /usr/lib/gcc/arm-none-eabi/9.2.1/thumb/v7-m/nofp/crtend.o
LOAD /usr/lib/gcc/arm-none-eabi/9.2.1/thumb/v7-m/nofp/crtn.o
                0x0000000020010000                _estack = 0x20010000
                0x0000000000000200                _Min_Heap_Size = 0x200
                0x0000000000000400                _Min_Stack_Size = 0x400

.isr_vector     0x0000000008000000      0x1e4
                0x0000000008000000                . = ALIGN (0x4)
 *(.isr_vector)
 .isr_vector    0x0000000008000000      0x1e4 build/startup_stm32f103xe.o
                0x0000000008000000                g_pfnVectors
                0x00000000080001e4                . = ALIGN (0x4)

.text           0x00000000080001f0     0x1878
                0x00000000080001f0                . = ALIGN (0x4)
 *(.text)
 .text          0x00000000080001f0       0x88 /usr/lib/gcc/arm-none-eabi/9.2.1/thumb/v7-m/nofp/crtbegin.o
 .text          0x0000000008000278       0x48 /usr/lib/gcc/arm-none-eabi/9.2.1/../../../arm-none-eabi/lib/thumb/v7-m/nofp/libc_nano.a(lib_a-init.o)
                0x0000000008000278                __libc_init_array
 .text          0x00000000080002c0       0xa0 /usr/lib/gcc/arm-none-eabi/9.2.1/../../../arm-none-eabi/lib/thumb/v7-m/nofp/libc_nano.a(lib_a-memset.o)
                0x00000000080002c0                memset
 *(.text*)
 .text.StartDefaultTask
                0x0000000008000360        0xa build/main.o
                0x0000000008000360                StartDefaultTask
 .text.SystemClock_Config
                0x000000000800036a       0x50 build/main.o
                0x000000000800036a                SystemClock_Config
 *fill*         0x00000000080003ba        0x2 
 .text.startup.main
                0x00000000080003bc       0x38 build/main.o
                0x00000000080003bc                main
 .text.HAL_TIM_PeriodElapsedCallback
                0x00000000080003f4       0x14 build/main.o
                0x00000000080003f4                HAL_TIM_PeriodElapsedCallback
 .text.vApplicationGetIdleTaskMemory
                0x0000000008000408       0x18 build/freertos.o
                0x0000000008000408                vApplicationGetIdleTaskMemory
 .text.NMI_Handler
                0x0000000008000420        0x2 build/stm32f1xx_it.o
                0x0000000008000420                NMI_Handler
 .text.HardFault_Handler
                0x0000000008000422        0x2 build/stm32f1xx_it.o
                0x0000000008000422                HardFault_Handler
 .text.MemManage_Handler
                0x0000000008000424        0x2 build/stm32f1xx_it.o
                0x0000000008000424                MemManage_Handler
 .text.BusFault_Handler
                0x0000000008000426        0x2 build/stm32f1xx_it.o
                0x0000000008000426                BusFault_Handler
 .text.UsageFault_Handler
                0x0000000008000428        0x2 build/stm32f1xx_it.o
                0x0000000008000428                UsageFault_Handler
 .text.DebugMon_Handler
                0x000000000800042a        0x2 build/stm32f1xx_it.o
                0x000000000800042a                DebugMon_Handler
 .text.TIM1_UP_IRQHandler
                0x000000000800042c        0xc build/stm32f1xx_it.o
                0x000000000800042c                TIM1_UP_IRQHandler
 .text.HAL_MspInit
                0x0000000008000438       0x50 build/stm32f1xx_hal_msp.o
                0x0000000008000438                HAL_MspInit
 .text.HAL_InitTick
                0x0000000008000488       0x78 build/stm32f1xx_hal_timebase_tim.o
                0x0000000008000488                HAL_InitTick
 .text.HAL_Init
                0x0000000008000500       0x24 build/stm32f1xx_hal.o
                0x0000000008000500                HAL_Init
 .text.HAL_IncTick
                0x0000000008000524       0x18 build/stm32f1xx_hal.o
                0x0000000008000524                HAL_IncTick
 .text.HAL_GetTick
                0x000000000800053c        0xc build/stm32f1xx_hal.o
                0x000000000800053c                HAL_GetTick
 .text.HAL_RCC_OscConfig
                0x0000000008000548      0x338 build/stm32f1xx_hal_rcc.o
                0x0000000008000548                HAL_RCC_OscConfig
 .text.HAL_RCC_GetSysClockFreq
                0x0000000008000880       0x74 build/stm32f1xx_hal_rcc.o
                0x0000000008000880                HAL_RCC_GetSysClockFreq
 .text.HAL_RCC_ClockConfig
                0x00000000080008f4      0x138 build/stm32f1xx_hal_rcc.o
                0x00000000080008f4                HAL_RCC_ClockConfig
 .text.HAL_RCC_GetPCLK2Freq
                0x0000000008000a2c       0x20 build/stm32f1xx_hal_rcc.o
                0x0000000008000a2c                HAL_RCC_GetPCLK2Freq
 .text.HAL_RCC_GetClockConfig
                0x0000000008000a4c       0x3c build/stm32f1xx_hal_rcc.o
                0x0000000008000a4c                HAL_RCC_GetClockConfig
 .text.HAL_NVIC_SetPriorityGrouping
                0x0000000008000a88       0x24 build/stm32f1xx_hal_cortex.o
                0x0000000008000a88                HAL_NVIC_SetPriorityGrouping
 .text.HAL_NVIC_SetPriority
                0x0000000008000aac       0x64 build/stm32f1xx_hal_cortex.o
                0x0000000008000aac                HAL_NVIC_SetPriority
 .text.HAL_NVIC_EnableIRQ
                0x0000000008000b10       0x1c build/stm32f1xx_hal_cortex.o
                0x0000000008000b10                HAL_NVIC_EnableIRQ
 .text.HAL_TIM_Base_MspInit
                0x0000000008000b2c        0x2 build/stm32f1xx_hal_tim.o
                0x0000000008000b2c                HAL_TIM_Base_MspInit
 *fill*         0x0000000008000b2e        0x2 
 .text.HAL_TIM_Base_Start_IT
                0x0000000008000b30       0x64 build/stm32f1xx_hal_tim.o
                0x0000000008000b30                HAL_TIM_Base_Start_IT
 .text.HAL_TIM_OC_DelayElapsedCallback
                0x0000000008000b94        0x2 build/stm32f1xx_hal_tim.o
                0x0000000008000b94                HAL_TIM_OC_DelayElapsedCallback
 .text.HAL_TIM_IC_CaptureCallback
                0x0000000008000b96        0x2 build/stm32f1xx_hal_tim.o
                0x0000000008000b96                HAL_TIM_IC_CaptureCallback
 .text.HAL_TIM_PWM_PulseFinishedCallback
                0x0000000008000b98        0x2 build/stm32f1xx_hal_tim.o
                0x0000000008000b98                HAL_TIM_PWM_PulseFinishedCallback
 .text.HAL_TIM_TriggerCallback
                0x0000000008000b9a        0x2 build/stm32f1xx_hal_tim.o
                0x0000000008000b9a                HAL_TIM_TriggerCallback
 .text.HAL_TIM_IRQHandler
                0x0000000008000b9c      0x144 build/stm32f1xx_hal_tim.o
                0x0000000008000b9c                HAL_TIM_IRQHandler
 .text.TIM_Base_SetConfig
                0x0000000008000ce0       0x98 build/stm32f1xx_hal_tim.o
                0x0000000008000ce0                TIM_Base_SetConfig
 .text.HAL_TIM_Base_Init
                0x0000000008000d78       0x58 build/stm32f1xx_hal_tim.o
                0x0000000008000d78                HAL_TIM_Base_Init
 .text.HAL_TIMEx_CommutCallback
                0x0000000008000dd0        0x2 build/stm32f1xx_hal_tim_ex.o
                0x0000000008000dd0                HAL_TIMEx_CommutCallback
 .text.HAL_TIMEx_BreakCallback
                0x0000000008000dd2        0x2 build/stm32f1xx_hal_tim_ex.o
                0x0000000008000dd2                HAL_TIMEx_BreakCallback
 .text.SystemInit
                0x0000000008000dd4        0x2 build/system_stm32f1xx.o
                0x0000000008000dd4                SystemInit
 .text.vListInitialise
                0x0000000008000dd6       0x16 build/list.o
                0x0000000008000dd6                vListInitialise
 .text.vListInitialiseItem
                0x0000000008000dec        0x6 build/list.o
                0x0000000008000dec                vListInitialiseItem
 .text.vListInsertEnd
                0x0000000008000df2       0x18 build/list.o
                0x0000000008000df2                vListInsertEnd
 .text.vListInsert
                0x0000000008000e0a       0x2e build/list.o
                0x0000000008000e0a                vListInsert
 .text.uxListRemove
                0x0000000008000e38       0x20 build/list.o
                0x0000000008000e38                uxListRemove
 .text.prvAddNewTaskToReadyList
                0x0000000008000e58      0x12c build/tasks.o
 .text.prvResetNextTaskUnblockTime
                0x0000000008000f84       0x24 build/tasks.o
 .text.prvInitialiseNewTask.isra.0
                0x0000000008000fa8       0x84 build/tasks.o
 .text.prvDeleteTCB
                0x000000000800102c       0x36 build/tasks.o
 *fill*         0x0000000008001062        0x2 
 .text.prvIdleTask
                0x0000000008001064       0x64 build/tasks.o
 .text.prvAddCurrentTaskToDelayedList
                0x00000000080010c8       0x8c build/tasks.o
 .text.xTaskCreateStatic
                0x0000000008001154       0x6e build/tasks.o
                0x0000000008001154                xTaskCreateStatic
 .text.xTaskCreate
                0x00000000080011c2       0x5a build/tasks.o
                0x00000000080011c2                xTaskCreate
 .text.vTaskStartScheduler
                0x000000000800121c       0x6c build/tasks.o
                0x000000000800121c                vTaskStartScheduler
 .text.vTaskSuspendAll
                0x0000000008001288       0x10 build/tasks.o
                0x0000000008001288                vTaskSuspendAll
 .text.xTaskIncrementTick
                0x0000000008001298      0x124 build/tasks.o
                0x0000000008001298                xTaskIncrementTick
 .text.xTaskResumeAll
                0x00000000080013bc       0xec build/tasks.o
                0x00000000080013bc                xTaskResumeAll
 .text.vTaskDelay
                0x00000000080014a8       0x48 build/tasks.o
                0x00000000080014a8                vTaskDelay
 .text.vTaskSwitchContext
                0x00000000080014f0       0x74 build/tasks.o
                0x00000000080014f0                vTaskSwitchContext
 .text.osKernelStart
                0x0000000008001564        0xa build/cmsis_os.o
                0x0000000008001564                osKernelStart
 .text.osThreadCreate
                0x000000000800156e       0x50 build/cmsis_os.o
                0x000000000800156e                osThreadCreate
 .text.osDelay  0x00000000080015be       0x10 build/cmsis_os.o
                0x00000000080015be                osDelay
 *fill*         0x00000000080015ce        0x2 
 .text.prvInsertBlockIntoFreeList
                0x00000000080015d0       0x48 build/heap_4.o
 .text.pvPortMalloc
                0x0000000008001618      0x114 build/heap_4.o
                0x0000000008001618                pvPortMalloc
 .text.vPortFree
                0x000000000800172c       0x70 build/heap_4.o
                0x000000000800172c                vPortFree
 .text.prvPortStartFirstTask
                0x000000000800179c       0x20 build/port.o
 .text.prvTaskExitError
                0x00000000080017bc       0x40 build/port.o
 .text.pxPortInitialiseStack
                0x00000000080017fc       0x24 build/port.o
                0x00000000080017fc                pxPortInitialiseStack
 .text.SVC_Handler
                0x0000000008001820       0x24 build/port.o
                0x0000000008001820                SVC_Handler
 .text.vPortEnterCritical
                0x0000000008001844       0x44 build/port.o
                0x0000000008001844                vPortEnterCritical
 .text.vPortExitCritical
                0x0000000008001888       0x28 build/port.o
                0x0000000008001888                vPortExitCritical
 .text.PendSV_Handler
                0x00000000080018b0       0x44 build/port.o
                0x00000000080018b0                PendSV_Handler
 .text.SysTick_Handler
                0x00000000080018f4       0x2c build/port.o
                0x00000000080018f4                SysTick_Handler
 .text.vPortSetupTimerInterrupt
                0x0000000008001920       0x34 build/port.o
                0x0000000008001920                vPortSetupTimerInterrupt
 .text.xPortStartScheduler
                0x0000000008001954       0xb0 build/port.o
                0x0000000008001954                xPortStartScheduler
 .text.Reset_Handler
                0x0000000008001a04       0x48 build/startup_stm32f103xe.o
                0x0000000008001a04                Reset_Handler
 .text.Default_Handler
                0x0000000008001a4c        0x2 build/startup_stm32f103xe.o
                0x0000000008001a4c                RTC_Alarm_IRQHandler
                0x0000000008001a4c                EXTI2_IRQHandler
                0x0000000008001a4c                TIM8_TRG_COM_IRQHandler
                0x0000000008001a4c                TIM8_CC_IRQHandler
                0x0000000008001a4c                TIM1_CC_IRQHandler
                0x0000000008001a4c                TIM6_IRQHandler
                0x0000000008001a4c                PVD_IRQHandler
                0x0000000008001a4c                SDIO_IRQHandler
                0x0000000008001a4c                EXTI3_IRQHandler
                0x0000000008001a4c                EXTI0_IRQHandler
                0x0000000008001a4c                I2C2_EV_IRQHandler
                0x0000000008001a4c                ADC1_2_IRQHandler
                0x0000000008001a4c                SPI1_IRQHandler
                0x0000000008001a4c                TAMPER_IRQHandler
                0x0000000008001a4c                TIM8_UP_IRQHandler
                0x0000000008001a4c                DMA2_Channel2_IRQHandler
                0x0000000008001a4c                DMA1_Channel4_IRQHandler
                0x0000000008001a4c                USART3_IRQHandler
                0x0000000008001a4c                RTC_IRQHandler
                0x0000000008001a4c                DMA1_Channel7_IRQHandler
                0x0000000008001a4c                CAN1_RX1_IRQHandler
                0x0000000008001a4c                UART5_IRQHandler
                0x0000000008001a4c                ADC3_IRQHandler
                0x0000000008001a4c                TIM4_IRQHandler
                0x0000000008001a4c                DMA2_Channel1_IRQHandler
                0x0000000008001a4c                I2C1_EV_IRQHandler
                0x0000000008001a4c                DMA1_Channel6_IRQHandler
                0x0000000008001a4c                UART4_IRQHandler
                0x0000000008001a4c                TIM3_IRQHandler
                0x0000000008001a4c                RCC_IRQHandler
                0x0000000008001a4c                TIM1_TRG_COM_IRQHandler
                0x0000000008001a4c                DMA1_Channel1_IRQHandler
                0x0000000008001a4c                Default_Handler
                0x0000000008001a4c                EXTI15_10_IRQHandler
                0x0000000008001a4c                TIM7_IRQHandler
                0x0000000008001a4c                TIM5_IRQHandler
                0x0000000008001a4c                EXTI9_5_IRQHandler
                0x0000000008001a4c                SPI2_IRQHandler
                0x0000000008001a4c                DMA1_Channel5_IRQHandler
                0x0000000008001a4c                EXTI4_IRQHandler
                0x0000000008001a4c                USB_LP_CAN1_RX0_IRQHandler
                0x0000000008001a4c                USB_HP_CAN1_TX_IRQHandler
                0x0000000008001a4c                DMA1_Channel3_IRQHandler
                0x0000000008001a4c                FSMC_IRQHandler
                0x0000000008001a4c                WWDG_IRQHandler
                0x0000000008001a4c                TIM2_IRQHandler
                0x0000000008001a4c                TIM1_BRK_IRQHandler
                0x0000000008001a4c                EXTI1_IRQHandler
                0x0000000008001a4c                DMA2_Channel4_5_IRQHandler
                0x0000000008001a4c                USART2_IRQHandler
                0x0000000008001a4c                I2C2_ER_IRQHandler
                0x0000000008001a4c                DMA1_Channel2_IRQHandler
                0x0000000008001a4c                TIM8_BRK_IRQHandler
                0x0000000008001a4c                CAN1_SCE_IRQHandler
                0x0000000008001a4c                FLASH_IRQHandler
                0x0000000008001a4c                USART1_IRQHandler
                0x0000000008001a4c                SPI3_IRQHandler
                0x0000000008001a4c                I2C1_ER_IRQHandler
                0x0000000008001a4c                USBWakeUp_IRQHandler
                0x0000000008001a4c                DMA2_Channel3_IRQHandler
 *(.glue_7)
 .glue_7        0x0000000008001a4e        0x0 linker stubs
 *(.glue_7t)
 .glue_7t       0x0000000008001a4e        0x0 linker stubs
 *(.eh_frame)
 *fill*         0x0000000008001a4e        0x2 
 .eh_frame      0x0000000008001a50        0x0 /usr/lib/gcc/arm-none-eabi/9.2.1/thumb/v7-m/nofp/crtbegin.o
 *(.init)
 .init          0x0000000008001a50        0x4 /usr/lib/gcc/arm-none-eabi/9.2.1/thumb/v7-m/nofp/crti.o
                0x0000000008001a50                _init
 .init          0x0000000008001a54        0x8 /usr/lib/gcc/arm-none-eabi/9.2.1/thumb/v7-m/nofp/crtn.o
 *(.fini)
 .fini          0x0000000008001a5c        0x4 /usr/lib/gcc/arm-none-eabi/9.2.1/thumb/v7-m/nofp/crti.o
                0x0000000008001a5c                _fini
 .fini          0x0000000008001a60        0x8 /usr/lib/gcc/arm-none-eabi/9.2.1/thumb/v7-m/nofp/crtn.o
                0x0000000008001a68                . = ALIGN (0x4)
                0x0000000008001a68                _etext = .

.vfp11_veneer   0x0000000008001a68        0x0
 .vfp11_veneer  0x0000000008001a68        0x0 linker stubs

.v4_bx          0x0000000008001a68        0x0
 .v4_bx         0x0000000008001a68        0x0 linker stubs

.iplt           0x0000000008001a68        0x0
 .iplt          0x0000000008001a68        0x0 /usr/lib/gcc/arm-none-eabi/9.2.1/thumb/v7-m/nofp/crtbegin.o

.rodata         0x0000000008001a68       0x58
                0x0000000008001a68                . = ALIGN (0x4)
 *(.rodata)
 .rodata        0x0000000008001a68       0x1c build/main.o
 *(.rodata*)
 .rodata.str1.1
                0x0000000008001a84        0xc build/main.o
 .rodata.HAL_RCC_GetSysClockFreq.str1.1
                0x0000000008001a90       0x11 build/stm32f1xx_hal_rcc.o
 .rodata.AHBPrescTable
                0x0000000008001aa1       0x10 build/system_stm32f1xx.o
                0x0000000008001aa1                AHBPrescTable
 .rodata.APBPrescTable
                0x0000000008001ab1        0x8 build/system_stm32f1xx.o
                0x0000000008001ab1                APBPrescTable
 .rodata.vTaskStartScheduler.str1.1
                0x0000000008001ab9        0x5 build/tasks.o
                0x0000000008001ac0                . = ALIGN (0x4)
 *fill*         0x0000000008001abe        0x2 

.rel.dyn        0x0000000008001ac0        0x0
 .rel.iplt      0x0000000008001ac0        0x0 /usr/lib/gcc/arm-none-eabi/9.2.1/thumb/v7-m/nofp/crtbegin.o

.ARM.extab
 *(.ARM.extab* .gnu.linkonce.armextab.*)

.ARM            0x0000000008001ac0        0x0
                0x0000000008001ac0                __exidx_start = .
 *(.ARM.exidx*)
                0x0000000008001ac0                __exidx_end = .

.preinit_array  0x0000000008001ac0        0x0
                0x0000000008001ac0                PROVIDE (__preinit_array_start = .)
 *(.preinit_array*)
                0x0000000008001ac0                PROVIDE (__preinit_array_end = .)

.init_array     0x0000000008001ac0        0x4
                0x0000000008001ac0                PROVIDE (__init_array_start = .)
 *(SORT_BY_NAME(.init_array.*))
 *(.init_array*)
 .init_array    0x0000000008001ac0        0x4 /usr/lib/gcc/arm-none-eabi/9.2.1/thumb/v7-m/nofp/crtbegin.o
                0x0000000008001ac4                PROVIDE (__init_array_end = .)

.fini_array     0x0000000008001ac4        0x4
                0x0000000008001ac4                PROVIDE (__fini_array_start = .)
 *(SORT_BY_NAME(.fini_array.*))
 *(.fini_array*)
 .fini_array    0x0000000008001ac4        0x4 /usr/lib/gcc/arm-none-eabi/9.2.1/thumb/v7-m/nofp/crtbegin.o
                0x0000000008001ac8                PROVIDE (__fini_array_end = .)
                0x0000000008001ac8                _sidata = LOADADDR (.data)

.data           0x0000000020000000       0x10 load address 0x0000000008001ac8
                0x0000000020000000                . = ALIGN (0x4)
                0x0000000020000000                _sdata = .
 *(.data)
 *(.data*)
 .data.uwTickFreq
                0x0000000020000000        0x1 build/stm32f1xx_hal.o
                0x0000000020000000                uwTickFreq
 *fill*         0x0000000020000001        0x3 
 .data.uwTickPrio
                0x0000000020000004        0x4 build/stm32f1xx_hal.o
                0x0000000020000004                uwTickPrio
 .data.SystemCoreClock
                0x0000000020000008        0x4 build/system_stm32f1xx.o
                0x0000000020000008                SystemCoreClock
 .data.uxCriticalNesting
                0x000000002000000c        0x4 build/port.o
                0x0000000020000010                . = ALIGN (0x4)
                0x0000000020000010                _edata = .

.tm_clone_table
                0x0000000020000010        0x0 load address 0x0000000008001ad8
 .tm_clone_table
                0x0000000020000010        0x0 /usr/lib/gcc/arm-none-eabi/9.2.1/thumb/v7-m/nofp/crtbegin.o
 .tm_clone_table
                0x0000000020000010        0x0 /usr/lib/gcc/arm-none-eabi/9.2.1/thumb/v7-m/nofp/crtend.o

.igot.plt       0x0000000020000010        0x0 load address 0x0000000008001ad8
 .igot.plt      0x0000000020000010        0x0 /usr/lib/gcc/arm-none-eabi/9.2.1/thumb/v7-m/nofp/crtbegin.o
                0x0000000020000010                . = ALIGN (0x4)

.bss            0x0000000020000010     0x1008 load address 0x0000000008001ad8
                0x0000000020000010                _sbss = .
                0x0000000020000010                __bss_start__ = _sbss
 *(.bss)
 .bss           0x0000000020000010       0x1c /usr/lib/gcc/arm-none-eabi/9.2.1/thumb/v7-m/nofp/crtbegin.o
 *(.bss*)
 .bss.xIdleStack
                0x000000002000002c      0x200 build/freertos.o
 .bss.xIdleTaskTCBBuffer
                0x000000002000022c       0x54 build/freertos.o
 .bss.pxCurrentTCB
                0x0000000020000280        0x4 build/tasks.o
                0x0000000020000280                pxCurrentTCB
 .bss.pxDelayedTaskList
                0x0000000020000284        0x4 build/tasks.o
 .bss.pxOverflowDelayedTaskList
                0x0000000020000288        0x4 build/tasks.o
 .bss.pxReadyTasksLists
                0x000000002000028c       0x8c build/tasks.o
 .bss.uxCurrentNumberOfTasks
                0x0000000020000318        0x4 build/tasks.o
 .bss.uxDeletedTasksWaitingCleanUp
                0x000000002000031c        0x4 build/tasks.o
 .bss.uxPendedTicks
                0x0000000020000320        0x4 build/tasks.o
 .bss.uxSchedulerSuspended
                0x0000000020000324        0x4 build/tasks.o
 .bss.uxTaskNumber
                0x0000000020000328        0x4 build/tasks.o
 .bss.uxTopReadyPriority
                0x000000002000032c        0x4 build/tasks.o
 .bss.xDelayedTaskList1
                0x0000000020000330       0x14 build/tasks.o
 .bss.xDelayedTaskList2
                0x0000000020000344       0x14 build/tasks.o
 .bss.xNextTaskUnblockTime
                0x0000000020000358        0x4 build/tasks.o
 .bss.xNumOfOverflows
                0x000000002000035c        0x4 build/tasks.o
 .bss.xPendingReadyList
                0x0000000020000360       0x14 build/tasks.o
 .bss.xSchedulerRunning
                0x0000000020000374        0x4 build/tasks.o
 .bss.xSuspendedTaskList
                0x0000000020000378       0x14 build/tasks.o
 .bss.xTasksWaitingTermination
                0x000000002000038c       0x14 build/tasks.o
 .bss.xTickCount
                0x00000000200003a0        0x4 build/tasks.o
 .bss.xYieldPending
                0x00000000200003a4        0x4 build/tasks.o
 .bss.pxEnd     0x00000000200003a8        0x4 build/heap_4.o
 .bss.ucHeap    0x00000000200003ac      0xc00 build/heap_4.o
 .bss.xBlockAllocatedBit
                0x0000000020000fac        0x4 build/heap_4.o
 .bss.xFreeBytesRemaining
                0x0000000020000fb0        0x4 build/heap_4.o
 .bss.xMinimumEverFreeBytesRemaining
                0x0000000020000fb4        0x4 build/heap_4.o
 .bss.xStart    0x0000000020000fb8        0x8 build/heap_4.o
 .bss.ucMaxSysCallPriority
                0x0000000020000fc0        0x1 build/port.o
 *fill*         0x0000000020000fc1        0x3 
 .bss.ulMaxPRIGROUPValue
                0x0000000020000fc4        0x4 build/port.o
 *(COMMON)
 COMMON         0x0000000020000fc8        0x4 build/main.o
                0x0000000020000fc8                defaultTaskHandle
 COMMON         0x0000000020000fcc       0x48 build/stm32f1xx_hal_timebase_tim.o
                0x0000000020000fcc                htim1
 COMMON         0x0000000020001014        0x4 build/stm32f1xx_hal.o
                0x0000000020001014                uwTick
                0x0000000020001018                . = ALIGN (0x4)
                0x0000000020001018                _ebss = .
                0x0000000020001018                __bss_end__ = _ebss

._user_heap_stack
                0x0000000020001018      0x600 load address 0x0000000008001ad8
                0x0000000020001018                . = ALIGN (0x8)
                [!provide]                        PROVIDE (end = .)
                [!provide]                        PROVIDE (_end = .)
                0x0000000020001218                . = (. + _Min_Heap_Size)
 *fill*         0x0000000020001018      0x200 
                0x0000000020001618                . = (. + _Min_Stack_Size)
 *fill*         0x0000000020001218      0x400 
                0x0000000020001618                . = ALIGN (0x8)

/DISCARD/
 libc.a(*)
 libm.a(*)
 libgcc.a(*)

.ARM.attributes
                0x0000000000000000       0x29
 *(.ARM.attributes)
 .ARM.attributes
                0x0000000000000000       0x1d /usr/lib/gcc/arm-none-eabi/9.2.1/thumb/v7-m/nofp/crti.o
 .ARM.attributes
                0x000000000000001d       0x2d /usr/lib/gcc/arm-none-eabi/9.2.1/thumb/v7-m/nofp/crtbegin.o
 .ARM.attributes
                0x000000000000004a       0x2d build/main.o
 .ARM.attributes
                0x0000000000000077       0x2d build/freertos.o
 .ARM.attributes
                0x00000000000000a4       0x2d build/stm32f1xx_it.o
 .ARM.attributes
                0x00000000000000d1       0x2d build/stm32f1xx_hal_msp.o
 .ARM.attributes
                0x00000000000000fe       0x2d build/stm32f1xx_hal_timebase_tim.o
 .ARM.attributes
                0x000000000000012b       0x2d build/stm32f1xx_hal.o
 .ARM.attributes
                0x0000000000000158       0x2d build/stm32f1xx_hal_rcc.o
 .ARM.attributes
                0x0000000000000185       0x2d build/stm32f1xx_hal_cortex.o
 .ARM.attributes
                0x00000000000001b2       0x2d build/stm32f1xx_hal_tim.o
 .ARM.attributes
                0x00000000000001df       0x2d build/stm32f1xx_hal_tim_ex.o
 .ARM.attributes
                0x000000000000020c       0x2d build/system_stm32f1xx.o
 .ARM.attributes
                0x0000000000000239       0x2d build/list.o
 .ARM.attributes
                0x0000000000000266       0x2d build/tasks.o
 .ARM.attributes
                0x0000000000000293       0x2d build/cmsis_os.o
 .ARM.attributes
                0x00000000000002c0       0x2d build/heap_4.o
 .ARM.attributes
                0x00000000000002ed       0x2d build/port.o
 .ARM.attributes
                0x000000000000031a       0x21 build/startup_stm32f103xe.o
 .ARM.attributes
                0x000000000000033b       0x2d /usr/lib/gcc/arm-none-eabi/9.2.1/../../../arm-none-eabi/lib/thumb/v7-m/nofp/libc_nano.a(lib_a-init.o)
 .ARM.attributes
                0x0000000000000368       0x2d /usr/lib/gcc/arm-none-eabi/9.2.1/../../../arm-none-eabi/lib/thumb/v7-m/nofp/libc_nano.a(lib_a-memset.o)
 .ARM.attributes
                0x0000000000000395       0x2d /usr/lib/gcc/arm-none-eabi/9.2.1/thumb/v7-m/nofp/crtend.o
 .ARM.attributes
                0x00000000000003c2       0x1d /usr/lib/gcc/arm-none-eabi/9.2.1/thumb/v7-m/nofp/crtn.o
OUTPUT(build/F103ZET_freertos.elf elf32-littlearm)
LOAD linker stubs
LOAD /usr/lib/gcc/arm-none-eabi/9.2.1/../../../arm-none-eabi/lib/thumb/v7-m/nofp/libc.a
LOAD /usr/lib/gcc/arm-none-eabi/9.2.1/../../../arm-none-eabi/lib/thumb/v7-m/nofp/libm.a
LOAD /usr/lib/gcc/arm-none-eabi/9.2.1/thumb/v7-m/nofp/libgcc.a

.comment        0x0000000000000000       0xa7
 .comment       0x0000000000000000       0x59 /usr/lib/gcc/arm-none-eabi/9.2.1/thumb/v7-m/nofp/crtbegin.o
                                         0x5a (size before relaxing)
 .comment       0x0000000000000059       0x5a build/main.o
 .comment       0x0000000000000059       0x5a build/freertos.o
 .comment       0x0000000000000059       0x5a build/stm32f1xx_it.o
 .comment       0x0000000000000059       0x5a build/stm32f1xx_hal_msp.o
 .comment       0x0000000000000059       0x5a build/stm32f1xx_hal_timebase_tim.o
 .comment       0x0000000000000059       0x5a build/stm32f1xx_hal.o
 .comment       0x0000000000000059       0x5a build/stm32f1xx_hal_rcc.o
 .comment       0x0000000000000059       0x5a build/stm32f1xx_hal_cortex.o
 .comment       0x0000000000000059       0x5a build/stm32f1xx_hal_tim.o
 .comment       0x0000000000000059       0x5a build/stm32f1xx_hal_tim_ex.o
 .comment       0x0000000000000059       0x5a build/system_stm32f1xx.o
 .comment       0x0000000000000059       0x5a build/list.o
 .comment       0x0000000000000059       0x5a build/tasks.o
 .comment       0x0000000000000059       0x5a build/cmsis_os.o
 .comment       0x0000000000000059       0x5a build/heap_4.o
 .comment       0x0000000000000059       0x5a build/port.o
 .comment       0x0000000000000059       0x4e /usr/lib/gcc/arm-none-eabi/9.2.1/../../../arm-none-eabi/lib/thumb/v7-m/nofp/libc_nano.a(lib_a-init.o)
                                         0x4f (size before relaxing)
 .comment       0x00000000000000a7       0x4f /usr/lib/gcc/arm-none-eabi/9.2.1/../../../arm-none-eabi/lib/thumb/v7-m/nofp/libc_nano.a(lib_a-memset.o)
 .comment       0x00000000000000a7       0x5a /usr/lib/gcc/arm-none-eabi/9.2.1/thumb/v7-m/nofp/crtend.o

.debug_info     0x0000000000000000    0x1445a
 .debug_info    0x0000000000000000      0xdd1 build/main.o
 .debug_info    0x0000000000000dd1      0x362 build/freertos.o
 .debug_info    0x0000000000001133      0x81f build/stm32f1xx_it.o
 .debug_info    0x0000000000001952      0x4e4 build/stm32f1xx_hal_msp.o
 .debug_info    0x0000000000001e36      0xbf6 build/stm32f1xx_hal_timebase_tim.o
 .debug_info    0x0000000000002a2c      0x958 build/stm32f1xx_hal.o
 .debug_info    0x0000000000003384      0xb60 build/stm32f1xx_hal_rcc.o
 .debug_info    0x0000000000003ee4      0xf15 build/stm32f1xx_hal_cortex.o
 .debug_info    0x0000000000004df9     0x43be build/stm32f1xx_hal_tim.o
 .debug_info    0x00000000000091b7     0x1a5f build/stm32f1xx_hal_tim_ex.o
 .debug_info    0x000000000000ac16      0x2d3 build/system_stm32f1xx.o
 .debug_info    0x000000000000aee9      0xc86 build/list.o
 .debug_info    0x000000000000bb6f     0x353e build/tasks.o
 .debug_info    0x000000000000f0ad     0x2f71 build/cmsis_os.o
 .debug_info    0x000000000001201e      0xe65 build/heap_4.o
 .debug_info    0x0000000000012e83      0x57a build/port.o
 .debug_info    0x00000000000133fd       0x22 build/startup_stm32f103xe.o
 .debug_info    0x000000000001341f      0x11a /usr/lib/gcc/arm-none-eabi/9.2.1/../../../arm-none-eabi/lib/thumb/v7-m/nofp/libc_nano.a(lib_a-init.o)
 .debug_info    0x0000000000013539      0xf21 /usr/lib/gcc/arm-none-eabi/9.2.1/../../../arm-none-eabi/lib/thumb/v7-m/nofp/libc_nano.a(lib_a-memset.o)

.debug_abbrev   0x0000000000000000     0x3005
 .debug_abbrev  0x0000000000000000      0x2b3 build/main.o
 .debug_abbrev  0x00000000000002b3      0x11c build/freertos.o
 .debug_abbrev  0x00000000000003cf      0x199 build/stm32f1xx_it.o
 .debug_abbrev  0x0000000000000568      0x166 build/stm32f1xx_hal_msp.o
 .debug_abbrev  0x00000000000006ce      0x21a build/stm32f1xx_hal_timebase_tim.o
 .debug_abbrev  0x00000000000008e8      0x27e build/stm32f1xx_hal.o
 .debug_abbrev  0x0000000000000b66      0x321 build/stm32f1xx_hal_rcc.o
 .debug_abbrev  0x0000000000000e87      0x38d build/stm32f1xx_hal_cortex.o
 .debug_abbrev  0x0000000000001214      0x3d9 build/stm32f1xx_hal_tim.o
 .debug_abbrev  0x00000000000015ed      0x305 build/stm32f1xx_hal_tim_ex.o
 .debug_abbrev  0x00000000000018f2      0x153 build/system_stm32f1xx.o
 .debug_abbrev  0x0000000000001a45      0x245 build/list.o
 .debug_abbrev  0x0000000000001c8a      0x55c build/tasks.o
 .debug_abbrev  0x00000000000021e6      0x520 build/cmsis_os.o
 .debug_abbrev  0x0000000000002706      0x38f build/heap_4.o
 .debug_abbrev  0x0000000000002a95      0x2b9 build/port.o
 .debug_abbrev  0x0000000000002d4e       0x12 build/startup_stm32f103xe.o
 .debug_abbrev  0x0000000000002d60       0xcc /usr/lib/gcc/arm-none-eabi/9.2.1/../../../arm-none-eabi/lib/thumb/v7-m/nofp/libc_nano.a(lib_a-init.o)
 .debug_abbrev  0x0000000000002e2c      0x1d9 /usr/lib/gcc/arm-none-eabi/9.2.1/../../../arm-none-eabi/lib/thumb/v7-m/nofp/libc_nano.a(lib_a-memset.o)

.debug_loc      0x0000000000000000     0xb313
 .debug_loc     0x0000000000000000       0xdc build/main.o
 .debug_loc     0x00000000000000dc       0x41 build/stm32f1xx_hal_msp.o
 .debug_loc     0x000000000000011d       0xea build/stm32f1xx_hal_timebase_tim.o
 .debug_loc     0x0000000000000207      0x1d9 build/stm32f1xx_hal.o
 .debug_loc     0x00000000000003e0      0x6f1 build/stm32f1xx_hal_rcc.o
 .debug_loc     0x0000000000000ad1      0x525 build/stm32f1xx_hal_cortex.o
 .debug_loc     0x0000000000000ff6     0x4a70 build/stm32f1xx_hal_tim.o
 .debug_loc     0x0000000000005a66     0x1536 build/stm32f1xx_hal_tim_ex.o
 .debug_loc     0x0000000000006f9c       0xe7 build/system_stm32f1xx.o
 .debug_loc     0x0000000000007083       0xcf build/list.o
 .debug_loc     0x0000000000007152     0x1ecb build/tasks.o
 .debug_loc     0x000000000000901d     0x1a37 build/cmsis_os.o
 .debug_loc     0x000000000000aa54      0x474 build/heap_4.o
 .debug_loc     0x000000000000aec8      0x160 build/port.o
 .debug_loc     0x000000000000b028       0xba /usr/lib/gcc/arm-none-eabi/9.2.1/../../../arm-none-eabi/lib/thumb/v7-m/nofp/libc_nano.a(lib_a-init.o)
 .debug_loc     0x000000000000b0e2      0x231 /usr/lib/gcc/arm-none-eabi/9.2.1/../../../arm-none-eabi/lib/thumb/v7-m/nofp/libc_nano.a(lib_a-memset.o)

.debug_aranges  0x0000000000000000      0xb58
 .debug_aranges
                0x0000000000000000       0x40 build/main.o
 .debug_aranges
                0x0000000000000040       0x20 build/freertos.o
 .debug_aranges
                0x0000000000000060       0x50 build/stm32f1xx_it.o
 .debug_aranges
                0x00000000000000b0       0x20 build/stm32f1xx_hal_msp.o
 .debug_aranges
                0x00000000000000d0       0x30 build/stm32f1xx_hal_timebase_tim.o
 .debug_aranges
                0x0000000000000100       0xd8 build/stm32f1xx_hal.o
 .debug_aranges
                0x00000000000001d8       0x88 build/stm32f1xx_hal_rcc.o
 .debug_aranges
                0x0000000000000260       0x90 build/stm32f1xx_hal_cortex.o
 .debug_aranges
                0x00000000000002f0      0x298 build/stm32f1xx_hal_tim.o
 .debug_aranges
                0x0000000000000588      0x118 build/stm32f1xx_hal_tim_ex.o
 .debug_aranges
                0x00000000000006a0       0x28 build/system_stm32f1xx.o
 .debug_aranges
                0x00000000000006c8       0x40 build/list.o
 .debug_aranges
                0x0000000000000708      0x198 build/tasks.o
 .debug_aranges
                0x00000000000008a0      0x190 build/cmsis_os.o
 .debug_aranges
                0x0000000000000a30       0x48 build/heap_4.o
 .debug_aranges
                0x0000000000000a78       0x78 build/port.o
 .debug_aranges
                0x0000000000000af0       0x28 build/startup_stm32f103xe.o
 .debug_aranges
                0x0000000000000b18       0x20 /usr/lib/gcc/arm-none-eabi/9.2.1/../../../arm-none-eabi/lib/thumb/v7-m/nofp/libc_nano.a(lib_a-init.o)
 .debug_aranges
                0x0000000000000b38       0x20 /usr/lib/gcc/arm-none-eabi/9.2.1/../../../arm-none-eabi/lib/thumb/v7-m/nofp/libc_nano.a(lib_a-memset.o)

.debug_ranges   0x0000000000000000      0xfe0
 .debug_ranges  0x0000000000000000       0x60 build/main.o
 .debug_ranges  0x0000000000000060       0x10 build/freertos.o
 .debug_ranges  0x0000000000000070       0x40 build/stm32f1xx_it.o
 .debug_ranges  0x00000000000000b0       0x50 build/stm32f1xx_hal_msp.o
 .debug_ranges  0x0000000000000100       0x48 build/stm32f1xx_hal_timebase_tim.o
 .debug_ranges  0x0000000000000148       0xc8 build/stm32f1xx_hal.o
 .debug_ranges  0x0000000000000210       0xb8 build/stm32f1xx_hal_rcc.o
 .debug_ranges  0x00000000000002c8      0x150 build/stm32f1xx_hal_cortex.o
 .debug_ranges  0x0000000000000418      0x350 build/stm32f1xx_hal_tim.o
 .debug_ranges  0x0000000000000768      0x108 build/stm32f1xx_hal_tim_ex.o
 .debug_ranges  0x0000000000000870       0x18 build/system_stm32f1xx.o
 .debug_ranges  0x0000000000000888       0x30 build/list.o
 .debug_ranges  0x00000000000008b8      0x2e0 build/tasks.o
 .debug_ranges  0x0000000000000b98      0x350 build/cmsis_os.o
 .debug_ranges  0x0000000000000ee8       0x38 build/heap_4.o
 .debug_ranges  0x0000000000000f20       0xa0 build/port.o
 .debug_ranges  0x0000000000000fc0       0x20 build/startup_stm32f103xe.o

.debug_line     0x0000000000000000     0xc138
 .debug_line    0x0000000000000000      0x3ff build/main.o
 .debug_line    0x00000000000003ff      0x1d3 build/freertos.o
 .debug_line    0x00000000000005d2      0x23c build/stm32f1xx_it.o
 .debug_line    0x000000000000080e      0x171 build/stm32f1xx_hal_msp.o
 .debug_line    0x000000000000097f      0x262 build/stm32f1xx_hal_timebase_tim.o
 .debug_line    0x0000000000000be1      0x497 build/stm32f1xx_hal.o
 .debug_line    0x0000000000001078      0xbae build/stm32f1xx_hal_rcc.o
 .debug_line    0x0000000000001c26      0x61a build/stm32f1xx_hal_cortex.o
 .debug_line    0x0000000000002240     0x40cf build/stm32f1xx_hal_tim.o
 .debug_line    0x000000000000630f     0x150b build/stm32f1xx_hal_tim_ex.o
 .debug_line    0x000000000000781a      0x1dc build/system_stm32f1xx.o
 .debug_line    0x00000000000079f6      0x330 build/list.o
 .debug_line    0x0000000000007d26     0x235c build/tasks.o
 .debug_line    0x000000000000a082     0x1176 build/cmsis_os.o
 .debug_line    0x000000000000b1f8      0x596 build/heap_4.o
 .debug_line    0x000000000000b78e      0x5b6 build/port.o
 .debug_line    0x000000000000bd44       0x75 build/startup_stm32f103xe.o
 .debug_line    0x000000000000bdb9      0x114 /usr/lib/gcc/arm-none-eabi/9.2.1/../../../arm-none-eabi/lib/thumb/v7-m/nofp/libc_nano.a(lib_a-init.o)
 .debug_line    0x000000000000becd      0x26b /usr/lib/gcc/arm-none-eabi/9.2.1/../../../arm-none-eabi/lib/thumb/v7-m/nofp/libc_nano.a(lib_a-memset.o)

.debug_str      0x0000000000000000     0x4fed
 .debug_str     0x0000000000000000      0xa6b build/main.o
                                        0xb34 (size before relaxing)
 .debug_str     0x0000000000000a6b       0x93 build/freertos.o
                                        0x3a2 (size before relaxing)
 .debug_str     0x0000000000000afe       0xa9 build/stm32f1xx_it.o
                                        0x79c (size before relaxing)
 .debug_str     0x0000000000000ba7      0x46b build/stm32f1xx_hal_msp.o
                                        0x6aa (size before relaxing)
 .debug_str     0x0000000000001012      0x108 build/stm32f1xx_hal_timebase_tim.o
                                        0xc91 (size before relaxing)
 .debug_str     0x000000000000111a      0x246 build/stm32f1xx_hal.o
                                        0x934 (size before relaxing)
 .debug_str     0x0000000000001360      0x1fc build/stm32f1xx_hal_rcc.o
                                        0x694 (size before relaxing)
 .debug_str     0x000000000000155c      0x39c build/stm32f1xx_hal_cortex.o
                                        0xa50 (size before relaxing)
 .debug_str     0x00000000000018f8      0xed1 build/stm32f1xx_hal_tim.o
                                       0x16ea (size before relaxing)
 .debug_str     0x00000000000027c9      0x591 build/stm32f1xx_hal_tim_ex.o
                                        0xeeb (size before relaxing)
 .debug_str     0x0000000000002d5a       0x4f build/system_stm32f1xx.o
                                        0x2d3 (size before relaxing)
 .debug_str     0x0000000000002da9      0x4d2 build/list.o
                                        0x6e1 (size before relaxing)
 .debug_str     0x000000000000327b      0xbe0 build/tasks.o
                                       0x13a0 (size before relaxing)
 .debug_str     0x0000000000003e5b      0x923 build/cmsis_os.o
                                       0x13c4 (size before relaxing)
 .debug_str     0x000000000000477e      0x1de build/heap_4.o
                                        0x7c0 (size before relaxing)
 .debug_str     0x000000000000495c      0x16d build/port.o
                                        0x44a (size before relaxing)
 .debug_str     0x0000000000004ac9       0x22 build/startup_stm32f103xe.o
                                         0x4d (size before relaxing)
 .debug_str     0x0000000000004aeb      0x17f /usr/lib/gcc/arm-none-eabi/9.2.1/../../../arm-none-eabi/lib/thumb/v7-m/nofp/libc_nano.a(lib_a-init.o)
                                        0x221 (size before relaxing)
 .debug_str     0x0000000000004c6a      0x383 /usr/lib/gcc/arm-none-eabi/9.2.1/../../../arm-none-eabi/lib/thumb/v7-m/nofp/libc_nano.a(lib_a-memset.o)
                                        0x907 (size before relaxing)

.debug_frame    0x0000000000000000     0x205c
 .debug_frame   0x0000000000000000       0x7c build/main.o
 .debug_frame   0x000000000000007c       0x20 build/freertos.o
 .debug_frame   0x000000000000009c       0x80 build/stm32f1xx_it.o
 .debug_frame   0x000000000000011c       0x28 build/stm32f1xx_hal_msp.o
 .debug_frame   0x0000000000000144       0x50 build/stm32f1xx_hal_timebase_tim.o
 .debug_frame   0x0000000000000194      0x1d4 build/stm32f1xx_hal.o
 .debug_frame   0x0000000000000368      0x150 build/stm32f1xx_hal_rcc.o
 .debug_frame   0x00000000000004b8      0x120 build/stm32f1xx_hal_cortex.o
 .debug_frame   0x00000000000005d8      0x9e0 build/stm32f1xx_hal_tim.o
 .debug_frame   0x0000000000000fb8      0x3d4 build/stm32f1xx_hal_tim_ex.o
 .debug_frame   0x000000000000138c       0x30 build/system_stm32f1xx.o
 .debug_frame   0x00000000000013bc       0x6c build/list.o
 .debug_frame   0x0000000000001428      0x554 build/tasks.o
 .debug_frame   0x000000000000197c      0x4f8 build/cmsis_os.o
 .debug_frame   0x0000000000001e74       0x98 build/heap_4.o
 .debug_frame   0x0000000000001f0c       0xec build/port.o
 .debug_frame   0x0000000000001ff8       0x2c /usr/lib/gcc/arm-none-eabi/9.2.1/../../../arm-none-eabi/lib/thumb/v7-m/nofp/libc_nano.a(lib_a-init.o)
 .debug_frame   0x0000000000002024       0x38 /usr/lib/gcc/arm-none-eabi/9.2.1/../../../arm-none-eabi/lib/thumb/v7-m/nofp/libc_nano.a(lib_a-memset.o)

Cross Reference Table

Symbol                                            File
ADC1_2_IRQHandler                                 build/startup_stm32f103xe.o
ADC3_IRQHandler                                   build/startup_stm32f103xe.o
AHBPrescTable                                     build/system_stm32f1xx.o
                                                  build/stm32f1xx_hal_rcc.o
APBPrescTable                                     build/system_stm32f1xx.o
                                                  build/stm32f1xx_hal_rcc.o
BusFault_Handler                                  build/stm32f1xx_it.o
CAN1_RX1_IRQHandler                               build/startup_stm32f103xe.o
CAN1_SCE_IRQHandler                               build/startup_stm32f103xe.o
DMA1_Channel1_IRQHandler                          build/startup_stm32f103xe.o
DMA1_Channel2_IRQHandler                          build/startup_stm32f103xe.o
DMA1_Channel3_IRQHandler                          build/startup_stm32f103xe.o
DMA1_Channel4_IRQHandler                          build/startup_stm32f103xe.o
DMA1_Channel5_IRQHandler                          build/startup_stm32f103xe.o
DMA1_Channel6_IRQHandler                          build/startup_stm32f103xe.o
DMA1_Channel7_IRQHandler                          build/startup_stm32f103xe.o
DMA2_Channel1_IRQHandler                          build/startup_stm32f103xe.o
DMA2_Channel2_IRQHandler                          build/startup_stm32f103xe.o
DMA2_Channel3_IRQHandler                          build/startup_stm32f103xe.o
DMA2_Channel4_5_IRQHandler                        build/startup_stm32f103xe.o
DebugMon_Handler                                  build/stm32f1xx_it.o
Default_Handler                                   build/startup_stm32f103xe.o
EXTI0_IRQHandler                                  build/startup_stm32f103xe.o
EXTI15_10_IRQHandler                              build/startup_stm32f103xe.o
EXTI1_IRQHandler                                  build/startup_stm32f103xe.o
EXTI2_IRQHandler                                  build/startup_stm32f103xe.o
EXTI3_IRQHandler                                  build/startup_stm32f103xe.o
EXTI4_IRQHandler                                  build/startup_stm32f103xe.o
EXTI9_5_IRQHandler                                build/startup_stm32f103xe.o
Error_Handler                                     build/main.o
FLASH_IRQHandler                                  build/startup_stm32f103xe.o
FLASH_PageErase                                   build/stm32f1xx_hal_flash_ex.o
                                                  build/stm32f1xx_hal_flash.o
FLASH_WaitForLastOperation                        build/stm32f1xx_hal_flash.o
                                                  build/stm32f1xx_hal_flash_ex.o
FSMC_IRQHandler                                   build/startup_stm32f103xe.o
HAL_DBGMCU_DisableDBGSleepMode                    build/stm32f1xx_hal.o
HAL_DBGMCU_DisableDBGStandbyMode                  build/stm32f1xx_hal.o
HAL_DBGMCU_DisableDBGStopMode                     build/stm32f1xx_hal.o
HAL_DBGMCU_EnableDBGSleepMode                     build/stm32f1xx_hal.o
HAL_DBGMCU_EnableDBGStandbyMode                   build/stm32f1xx_hal.o
HAL_DBGMCU_EnableDBGStopMode                      build/stm32f1xx_hal.o
HAL_DMA_Abort                                     build/stm32f1xx_hal_dma.o
HAL_DMA_Abort_IT                                  build/stm32f1xx_hal_dma.o
                                                  build/stm32f1xx_hal_tim_ex.o
                                                  build/stm32f1xx_hal_tim.o
HAL_DMA_DeInit                                    build/stm32f1xx_hal_dma.o
HAL_DMA_GetError                                  build/stm32f1xx_hal_dma.o
HAL_DMA_GetState                                  build/stm32f1xx_hal_dma.o
HAL_DMA_IRQHandler                                build/stm32f1xx_hal_dma.o
HAL_DMA_Init                                      build/stm32f1xx_hal_dma.o
HAL_DMA_PollForTransfer                           build/stm32f1xx_hal_dma.o
HAL_DMA_RegisterCallback                          build/stm32f1xx_hal_dma.o
HAL_DMA_Start                                     build/stm32f1xx_hal_dma.o
HAL_DMA_Start_IT                                  build/stm32f1xx_hal_dma.o
                                                  build/stm32f1xx_hal_tim_ex.o
                                                  build/stm32f1xx_hal_tim.o
HAL_DMA_UnRegisterCallback                        build/stm32f1xx_hal_dma.o
HAL_DeInit                                        build/stm32f1xx_hal.o
HAL_Delay                                         build/stm32f1xx_hal.o
HAL_EXTI_ClearConfigLine                          build/stm32f1xx_hal_exti.o
HAL_EXTI_ClearPending                             build/stm32f1xx_hal_exti.o
HAL_EXTI_GenerateSWI                              build/stm32f1xx_hal_exti.o
HAL_EXTI_GetConfigLine                            build/stm32f1xx_hal_exti.o
HAL_EXTI_GetHandle                                build/stm32f1xx_hal_exti.o
HAL_EXTI_GetPending                               build/stm32f1xx_hal_exti.o
HAL_EXTI_IRQHandler                               build/stm32f1xx_hal_exti.o
HAL_EXTI_RegisterCallback                         build/stm32f1xx_hal_exti.o
HAL_EXTI_SetConfigLine                            build/stm32f1xx_hal_exti.o
HAL_FLASHEx_Erase                                 build/stm32f1xx_hal_flash_ex.o
HAL_FLASHEx_Erase_IT                              build/stm32f1xx_hal_flash_ex.o
HAL_FLASHEx_OBErase                               build/stm32f1xx_hal_flash_ex.o
HAL_FLASHEx_OBGetConfig                           build/stm32f1xx_hal_flash_ex.o
HAL_FLASHEx_OBGetUserData                         build/stm32f1xx_hal_flash_ex.o
HAL_FLASHEx_OBProgram                             build/stm32f1xx_hal_flash_ex.o
HAL_FLASH_EndOfOperationCallback                  build/stm32f1xx_hal_flash.o
HAL_FLASH_GetError                                build/stm32f1xx_hal_flash.o
HAL_FLASH_IRQHandler                              build/stm32f1xx_hal_flash.o
HAL_FLASH_Lock                                    build/stm32f1xx_hal_flash.o
HAL_FLASH_OB_Launch                               build/stm32f1xx_hal_flash.o
HAL_FLASH_OB_Lock                                 build/stm32f1xx_hal_flash.o
HAL_FLASH_OB_Unlock                               build/stm32f1xx_hal_flash.o
HAL_FLASH_OperationErrorCallback                  build/stm32f1xx_hal_flash.o
HAL_FLASH_Program                                 build/stm32f1xx_hal_flash.o
HAL_FLASH_Program_IT                              build/stm32f1xx_hal_flash.o
HAL_FLASH_Unlock                                  build/stm32f1xx_hal_flash.o
HAL_GPIOEx_ConfigEventout                         build/stm32f1xx_hal_gpio_ex.o
HAL_GPIOEx_DisableEventout                        build/stm32f1xx_hal_gpio_ex.o
HAL_GPIOEx_EnableEventout                         build/stm32f1xx_hal_gpio_ex.o
HAL_GPIO_DeInit                                   build/stm32f1xx_hal_gpio.o
HAL_GPIO_EXTI_Callback                            build/stm32f1xx_hal_gpio.o
HAL_GPIO_EXTI_IRQHandler                          build/stm32f1xx_hal_gpio.o
HAL_GPIO_Init                                     build/stm32f1xx_hal_gpio.o
                                                  build/stm32f1xx_hal_rcc.o
HAL_GPIO_LockPin                                  build/stm32f1xx_hal_gpio.o
HAL_GPIO_ReadPin                                  build/stm32f1xx_hal_gpio.o
HAL_GPIO_TogglePin                                build/stm32f1xx_hal_gpio.o
HAL_GPIO_WritePin                                 build/stm32f1xx_hal_gpio.o
HAL_GetDEVID                                      build/stm32f1xx_hal.o
HAL_GetHalVersion                                 build/stm32f1xx_hal.o
HAL_GetREVID                                      build/stm32f1xx_hal.o
HAL_GetTick                                       build/stm32f1xx_hal.o
                                                  build/stm32f1xx_hal_flash.o
                                                  build/stm32f1xx_hal_dma.o
                                                  build/stm32f1xx_hal_rcc_ex.o
                                                  build/stm32f1xx_hal_rcc.o
HAL_GetTickFreq                                   build/stm32f1xx_hal.o
HAL_GetTickPrio                                   build/stm32f1xx_hal.o
HAL_GetUIDw0                                      build/stm32f1xx_hal.o
HAL_GetUIDw1                                      build/stm32f1xx_hal.o
HAL_GetUIDw2                                      build/stm32f1xx_hal.o
HAL_IncTick                                       build/stm32f1xx_hal.o
                                                  build/main.o
HAL_Init                                          build/stm32f1xx_hal.o
                                                  build/main.o
HAL_InitTick                                      build/stm32f1xx_hal_timebase_tim.o
                                                  build/stm32f1xx_hal_rcc.o
HAL_MspDeInit                                     build/stm32f1xx_hal.o
HAL_MspInit                                       build/stm32f1xx_hal_msp.o
HAL_NVIC_ClearPendingIRQ                          build/stm32f1xx_hal_cortex.o
HAL_NVIC_DisableIRQ                               build/stm32f1xx_hal_cortex.o
HAL_NVIC_EnableIRQ                                build/stm32f1xx_hal_cortex.o
                                                  build/stm32f1xx_hal_timebase_tim.o
HAL_NVIC_GetActive                                build/stm32f1xx_hal_cortex.o
HAL_NVIC_GetPendingIRQ                            build/stm32f1xx_hal_cortex.o
HAL_NVIC_GetPriority                              build/stm32f1xx_hal_cortex.o
HAL_NVIC_GetPriorityGrouping                      build/stm32f1xx_hal_cortex.o
HAL_NVIC_SetPendingIRQ                            build/stm32f1xx_hal_cortex.o
HAL_NVIC_SetPriority                              build/stm32f1xx_hal_cortex.o
                                                  build/stm32f1xx_hal.o
                                                  build/stm32f1xx_hal_timebase_tim.o
                                                  build/stm32f1xx_hal_msp.o
HAL_NVIC_SetPriorityGrouping                      build/stm32f1xx_hal_cortex.o
                                                  build/stm32f1xx_hal.o
HAL_NVIC_SystemReset                              build/stm32f1xx_hal_cortex.o
                                                  build/stm32f1xx_hal_flash.o
HAL_PWR_ConfigPVD                                 build/stm32f1xx_hal_pwr.o
HAL_PWR_DeInit                                    build/stm32f1xx_hal_pwr.o
HAL_PWR_DisableBkUpAccess                         build/stm32f1xx_hal_pwr.o
HAL_PWR_DisablePVD                                build/stm32f1xx_hal_pwr.o
HAL_PWR_DisableSEVOnPend                          build/stm32f1xx_hal_pwr.o
HAL_PWR_DisableSleepOnExit                        build/stm32f1xx_hal_pwr.o
HAL_PWR_DisableWakeUpPin                          build/stm32f1xx_hal_pwr.o
HAL_PWR_EnableBkUpAccess                          build/stm32f1xx_hal_pwr.o
HAL_PWR_EnablePVD                                 build/stm32f1xx_hal_pwr.o
HAL_PWR_EnableSEVOnPend                           build/stm32f1xx_hal_pwr.o
HAL_PWR_EnableSleepOnExit                         build/stm32f1xx_hal_pwr.o
HAL_PWR_EnableWakeUpPin                           build/stm32f1xx_hal_pwr.o
HAL_PWR_EnterSLEEPMode                            build/stm32f1xx_hal_pwr.o
HAL_PWR_EnterSTANDBYMode                          build/stm32f1xx_hal_pwr.o
HAL_PWR_EnterSTOPMode                             build/stm32f1xx_hal_pwr.o
HAL_PWR_PVDCallback                               build/stm32f1xx_hal_pwr.o
HAL_PWR_PVD_IRQHandler                            build/stm32f1xx_hal_pwr.o
HAL_RCCEx_GetPeriphCLKConfig                      build/stm32f1xx_hal_rcc_ex.o
HAL_RCCEx_GetPeriphCLKFreq                        build/stm32f1xx_hal_rcc_ex.o
HAL_RCCEx_PeriphCLKConfig                         build/stm32f1xx_hal_rcc_ex.o
HAL_RCC_CSSCallback                               build/stm32f1xx_hal_rcc.o
HAL_RCC_ClockConfig                               build/stm32f1xx_hal_rcc.o
                                                  build/main.o
HAL_RCC_DeInit                                    build/stm32f1xx_hal_rcc.o
HAL_RCC_DisableCSS                                build/stm32f1xx_hal_rcc.o
HAL_RCC_EnableCSS                                 build/stm32f1xx_hal_rcc.o
HAL_RCC_GetClockConfig                            build/stm32f1xx_hal_rcc.o
                                                  build/stm32f1xx_hal_timebase_tim.o
HAL_RCC_GetHCLKFreq                               build/stm32f1xx_hal_rcc.o
HAL_RCC_GetOscConfig                              build/stm32f1xx_hal_rcc.o
HAL_RCC_GetPCLK1Freq                              build/stm32f1xx_hal_rcc.o
HAL_RCC_GetPCLK2Freq                              build/stm32f1xx_hal_rcc.o
                                                  build/stm32f1xx_hal_rcc_ex.o
                                                  build/stm32f1xx_hal_timebase_tim.o
HAL_RCC_GetSysClockFreq                           build/stm32f1xx_hal_rcc.o
                                                  build/stm32f1xx_hal_rcc_ex.o
HAL_RCC_MCOConfig                                 build/stm32f1xx_hal_rcc.o
HAL_RCC_NMI_IRQHandler                            build/stm32f1xx_hal_rcc.o
HAL_RCC_OscConfig                                 build/stm32f1xx_hal_rcc.o
                                                  build/main.o
HAL_ResumeTick                                    build/stm32f1xx_hal_timebase_tim.o
HAL_SYSTICK_CLKSourceConfig                       build/stm32f1xx_hal_cortex.o
HAL_SYSTICK_Callback                              build/stm32f1xx_hal_cortex.o
HAL_SYSTICK_Config                                build/stm32f1xx_hal_cortex.o
                                                  build/stm32f1xx_hal.o
HAL_SYSTICK_IRQHandler                            build/stm32f1xx_hal_cortex.o
HAL_SetTickFreq                                   build/stm32f1xx_hal.o
HAL_SuspendTick                                   build/stm32f1xx_hal_timebase_tim.o
HAL_TIMEx_BreakCallback                           build/stm32f1xx_hal_tim_ex.o
                                                  build/stm32f1xx_hal_tim.o
HAL_TIMEx_CommutCallback                          build/stm32f1xx_hal_tim_ex.o
                                                  build/stm32f1xx_hal_tim.o
HAL_TIMEx_CommutHalfCpltCallback                  build/stm32f1xx_hal_tim_ex.o
HAL_TIMEx_ConfigBreakDeadTime                     build/stm32f1xx_hal_tim_ex.o
HAL_TIMEx_ConfigCommutEvent                       build/stm32f1xx_hal_tim_ex.o
HAL_TIMEx_ConfigCommutEvent_DMA                   build/stm32f1xx_hal_tim_ex.o
HAL_TIMEx_ConfigCommutEvent_IT                    build/stm32f1xx_hal_tim_ex.o
HAL_TIMEx_GetChannelNState                        build/stm32f1xx_hal_tim_ex.o
HAL_TIMEx_HallSensor_DeInit                       build/stm32f1xx_hal_tim_ex.o
HAL_TIMEx_HallSensor_GetState                     build/stm32f1xx_hal_tim_ex.o
HAL_TIMEx_HallSensor_Init                         build/stm32f1xx_hal_tim_ex.o
HAL_TIMEx_HallSensor_MspDeInit                    build/stm32f1xx_hal_tim_ex.o
HAL_TIMEx_HallSensor_MspInit                      build/stm32f1xx_hal_tim_ex.o
HAL_TIMEx_HallSensor_Start                        build/stm32f1xx_hal_tim_ex.o
HAL_TIMEx_HallSensor_Start_DMA                    build/stm32f1xx_hal_tim_ex.o
HAL_TIMEx_HallSensor_Start_IT                     build/stm32f1xx_hal_tim_ex.o
HAL_TIMEx_HallSensor_Stop                         build/stm32f1xx_hal_tim_ex.o
HAL_TIMEx_HallSensor_Stop_DMA                     build/stm32f1xx_hal_tim_ex.o
HAL_TIMEx_HallSensor_Stop_IT                      build/stm32f1xx_hal_tim_ex.o
HAL_TIMEx_MasterConfigSynchronization             build/stm32f1xx_hal_tim_ex.o
HAL_TIMEx_OCN_Start                               build/stm32f1xx_hal_tim_ex.o
HAL_TIMEx_OCN_Start_DMA                           build/stm32f1xx_hal_tim_ex.o
HAL_TIMEx_OCN_Start_IT                            build/stm32f1xx_hal_tim_ex.o
HAL_TIMEx_OCN_Stop                                build/stm32f1xx_hal_tim_ex.o
HAL_TIMEx_OCN_Stop_DMA                            build/stm32f1xx_hal_tim_ex.o
HAL_TIMEx_OCN_Stop_IT                             build/stm32f1xx_hal_tim_ex.o
HAL_TIMEx_OnePulseN_Start                         build/stm32f1xx_hal_tim_ex.o
HAL_TIMEx_OnePulseN_Start_IT                      build/stm32f1xx_hal_tim_ex.o
HAL_TIMEx_OnePulseN_Stop                          build/stm32f1xx_hal_tim_ex.o
HAL_TIMEx_OnePulseN_Stop_IT                       build/stm32f1xx_hal_tim_ex.o
HAL_TIMEx_PWMN_Start                              build/stm32f1xx_hal_tim_ex.o
HAL_TIMEx_PWMN_Start_DMA                          build/stm32f1xx_hal_tim_ex.o
HAL_TIMEx_PWMN_Start_IT                           build/stm32f1xx_hal_tim_ex.o
HAL_TIMEx_PWMN_Stop                               build/stm32f1xx_hal_tim_ex.o
HAL_TIMEx_PWMN_Stop_DMA                           build/stm32f1xx_hal_tim_ex.o
HAL_TIMEx_PWMN_Stop_IT                            build/stm32f1xx_hal_tim_ex.o
HAL_TIMEx_RemapConfig                             build/stm32f1xx_hal_tim_ex.o
HAL_TIM_Base_DeInit                               build/stm32f1xx_hal_tim.o
HAL_TIM_Base_GetState                             build/stm32f1xx_hal_tim.o
HAL_TIM_Base_Init                                 build/stm32f1xx_hal_tim.o
                                                  build/stm32f1xx_hal_timebase_tim.o
HAL_TIM_Base_MspDeInit                            build/stm32f1xx_hal_tim.o
HAL_TIM_Base_MspInit                              build/stm32f1xx_hal_tim.o
HAL_TIM_Base_Start                                build/stm32f1xx_hal_tim.o
HAL_TIM_Base_Start_DMA                            build/stm32f1xx_hal_tim.o
HAL_TIM_Base_Start_IT                             build/stm32f1xx_hal_tim.o
                                                  build/stm32f1xx_hal_timebase_tim.o
HAL_TIM_Base_Stop                                 build/stm32f1xx_hal_tim.o
HAL_TIM_Base_Stop_DMA                             build/stm32f1xx_hal_tim.o
HAL_TIM_Base_Stop_IT                              build/stm32f1xx_hal_tim.o
HAL_TIM_ConfigClockSource                         build/stm32f1xx_hal_tim.o
HAL_TIM_ConfigOCrefClear                          build/stm32f1xx_hal_tim.o
HAL_TIM_ConfigTI1Input                            build/stm32f1xx_hal_tim.o
HAL_TIM_DMABurstState                             build/stm32f1xx_hal_tim.o
HAL_TIM_DMABurst_MultiReadStart                   build/stm32f1xx_hal_tim.o
HAL_TIM_DMABurst_MultiWriteStart                  build/stm32f1xx_hal_tim.o
HAL_TIM_DMABurst_ReadStart                        build/stm32f1xx_hal_tim.o
HAL_TIM_DMABurst_ReadStop                         build/stm32f1xx_hal_tim.o
HAL_TIM_DMABurst_WriteStart                       build/stm32f1xx_hal_tim.o
HAL_TIM_DMABurst_WriteStop                        build/stm32f1xx_hal_tim.o
HAL_TIM_Encoder_DeInit                            build/stm32f1xx_hal_tim.o
HAL_TIM_Encoder_GetState                          build/stm32f1xx_hal_tim.o
HAL_TIM_Encoder_Init                              build/stm32f1xx_hal_tim.o
HAL_TIM_Encoder_MspDeInit                         build/stm32f1xx_hal_tim.o
HAL_TIM_Encoder_MspInit                           build/stm32f1xx_hal_tim.o
HAL_TIM_Encoder_Start                             build/stm32f1xx_hal_tim.o
HAL_TIM_Encoder_Start_DMA                         build/stm32f1xx_hal_tim.o
HAL_TIM_Encoder_Start_IT                          build/stm32f1xx_hal_tim.o
HAL_TIM_Encoder_Stop                              build/stm32f1xx_hal_tim.o
HAL_TIM_Encoder_Stop_DMA                          build/stm32f1xx_hal_tim.o
HAL_TIM_Encoder_Stop_IT                           build/stm32f1xx_hal_tim.o
HAL_TIM_ErrorCallback                             build/stm32f1xx_hal_tim.o
                                                  build/stm32f1xx_hal_tim_ex.o
HAL_TIM_GenerateEvent                             build/stm32f1xx_hal_tim.o
HAL_TIM_GetActiveChannel                          build/stm32f1xx_hal_tim.o
HAL_TIM_GetChannelState                           build/stm32f1xx_hal_tim.o
HAL_TIM_IC_CaptureCallback                        build/stm32f1xx_hal_tim.o
HAL_TIM_IC_CaptureHalfCpltCallback                build/stm32f1xx_hal_tim.o
HAL_TIM_IC_ConfigChannel                          build/stm32f1xx_hal_tim.o
HAL_TIM_IC_DeInit                                 build/stm32f1xx_hal_tim.o
HAL_TIM_IC_GetState                               build/stm32f1xx_hal_tim.o
HAL_TIM_IC_Init                                   build/stm32f1xx_hal_tim.o
HAL_TIM_IC_MspDeInit                              build/stm32f1xx_hal_tim.o
HAL_TIM_IC_MspInit                                build/stm32f1xx_hal_tim.o
HAL_TIM_IC_Start                                  build/stm32f1xx_hal_tim.o
HAL_TIM_IC_Start_DMA                              build/stm32f1xx_hal_tim.o
HAL_TIM_IC_Start_IT                               build/stm32f1xx_hal_tim.o
HAL_TIM_IC_Stop                                   build/stm32f1xx_hal_tim.o
HAL_TIM_IC_Stop_DMA                               build/stm32f1xx_hal_tim.o
HAL_TIM_IC_Stop_IT                                build/stm32f1xx_hal_tim.o
HAL_TIM_IRQHandler                                build/stm32f1xx_hal_tim.o
                                                  build/stm32f1xx_it.o
HAL_TIM_OC_ConfigChannel                          build/stm32f1xx_hal_tim.o
HAL_TIM_OC_DeInit                                 build/stm32f1xx_hal_tim.o
HAL_TIM_OC_DelayElapsedCallback                   build/stm32f1xx_hal_tim.o
HAL_TIM_OC_GetState                               build/stm32f1xx_hal_tim.o
HAL_TIM_OC_Init                                   build/stm32f1xx_hal_tim.o
HAL_TIM_OC_MspDeInit                              build/stm32f1xx_hal_tim.o
HAL_TIM_OC_MspInit                                build/stm32f1xx_hal_tim.o
HAL_TIM_OC_Start                                  build/stm32f1xx_hal_tim.o
HAL_TIM_OC_Start_DMA                              build/stm32f1xx_hal_tim.o
HAL_TIM_OC_Start_IT                               build/stm32f1xx_hal_tim.o
HAL_TIM_OC_Stop                                   build/stm32f1xx_hal_tim.o
HAL_TIM_OC_Stop_DMA                               build/stm32f1xx_hal_tim.o
HAL_TIM_OC_Stop_IT                                build/stm32f1xx_hal_tim.o
HAL_TIM_OnePulse_ConfigChannel                    build/stm32f1xx_hal_tim.o
HAL_TIM_OnePulse_DeInit                           build/stm32f1xx_hal_tim.o
HAL_TIM_OnePulse_GetState                         build/stm32f1xx_hal_tim.o
HAL_TIM_OnePulse_Init                             build/stm32f1xx_hal_tim.o
HAL_TIM_OnePulse_MspDeInit                        build/stm32f1xx_hal_tim.o
HAL_TIM_OnePulse_MspInit                          build/stm32f1xx_hal_tim.o
HAL_TIM_OnePulse_Start                            build/stm32f1xx_hal_tim.o
HAL_TIM_OnePulse_Start_IT                         build/stm32f1xx_hal_tim.o
HAL_TIM_OnePulse_Stop                             build/stm32f1xx_hal_tim.o
HAL_TIM_OnePulse_Stop_IT                          build/stm32f1xx_hal_tim.o
HAL_TIM_PWM_ConfigChannel                         build/stm32f1xx_hal_tim.o
HAL_TIM_PWM_DeInit                                build/stm32f1xx_hal_tim.o
HAL_TIM_PWM_GetState                              build/stm32f1xx_hal_tim.o
HAL_TIM_PWM_Init                                  build/stm32f1xx_hal_tim.o
HAL_TIM_PWM_MspDeInit                             build/stm32f1xx_hal_tim.o
HAL_TIM_PWM_MspInit                               build/stm32f1xx_hal_tim.o
HAL_TIM_PWM_PulseFinishedCallback                 build/stm32f1xx_hal_tim.o
                                                  build/stm32f1xx_hal_tim_ex.o
HAL_TIM_PWM_PulseFinishedHalfCpltCallback         build/stm32f1xx_hal_tim.o
HAL_TIM_PWM_Start                                 build/stm32f1xx_hal_tim.o
HAL_TIM_PWM_Start_DMA                             build/stm32f1xx_hal_tim.o
HAL_TIM_PWM_Start_IT                              build/stm32f1xx_hal_tim.o
HAL_TIM_PWM_Stop                                  build/stm32f1xx_hal_tim.o
HAL_TIM_PWM_Stop_DMA                              build/stm32f1xx_hal_tim.o
HAL_TIM_PWM_Stop_IT                               build/stm32f1xx_hal_tim.o
HAL_TIM_PeriodElapsedCallback                     build/main.o
HAL_TIM_PeriodElapsedHalfCpltCallback             build/stm32f1xx_hal_tim.o
HAL_TIM_ReadCapturedValue                         build/stm32f1xx_hal_tim.o
HAL_TIM_SlaveConfigSynchro                        build/stm32f1xx_hal_tim.o
HAL_TIM_SlaveConfigSynchro_IT                     build/stm32f1xx_hal_tim.o
HAL_TIM_TriggerCallback                           build/stm32f1xx_hal_tim.o
HAL_TIM_TriggerHalfCpltCallback                   build/stm32f1xx_hal_tim.o
HardFault_Handler                                 build/stm32f1xx_it.o
I2C1_ER_IRQHandler                                build/startup_stm32f103xe.o
I2C1_EV_IRQHandler                                build/startup_stm32f103xe.o
I2C2_ER_IRQHandler                                build/startup_stm32f103xe.o
I2C2_EV_IRQHandler                                build/startup_stm32f103xe.o
MemManage_Handler                                 build/stm32f1xx_it.o
NMI_Handler                                       build/stm32f1xx_it.o
PVD_IRQHandler                                    build/startup_stm32f103xe.o
PendSV_Handler                                    build/port.o
RCC_IRQHandler                                    build/startup_stm32f103xe.o
RTC_Alarm_IRQHandler                              build/startup_stm32f103xe.o
RTC_IRQHandler                                    build/startup_stm32f103xe.o
Reset_Handler                                     build/startup_stm32f103xe.o
SDIO_IRQHandler                                   build/startup_stm32f103xe.o
SPI1_IRQHandler                                   build/startup_stm32f103xe.o
SPI2_IRQHandler                                   build/startup_stm32f103xe.o
SPI3_IRQHandler                                   build/startup_stm32f103xe.o
SVC_Handler                                       build/port.o
StartDefaultTask                                  build/main.o
SysTick_Handler                                   build/port.o
                                                  build/cmsis_os.o
SystemClock_Config                                build/main.o
SystemCoreClock                                   build/system_stm32f1xx.o
                                                  build/port.o
                                                  build/stm32f1xx_hal_rcc.o
                                                  build/stm32f1xx_hal.o
SystemCoreClockUpdate                             build/system_stm32f1xx.o
SystemInit                                        build/system_stm32f1xx.o
                                                  build/startup_stm32f103xe.o
TAMPER_IRQHandler                                 build/startup_stm32f103xe.o
TIM1_BRK_IRQHandler                               build/startup_stm32f103xe.o
TIM1_CC_IRQHandler                                build/startup_stm32f103xe.o
TIM1_TRG_COM_IRQHandler                           build/startup_stm32f103xe.o
TIM1_UP_IRQHandler                                build/stm32f1xx_it.o
TIM2_IRQHandler                                   build/startup_stm32f103xe.o
TIM3_IRQHandler                                   build/startup_stm32f103xe.o
TIM4_IRQHandler                                   build/startup_stm32f103xe.o
TIM5_IRQHandler                                   build/startup_stm32f103xe.o
TIM6_IRQHandler                                   build/startup_stm32f103xe.o
TIM7_IRQHandler                                   build/startup_stm32f103xe.o
TIM8_BRK_IRQHandler                               build/startup_stm32f103xe.o
TIM8_CC_IRQHandler                                build/startup_stm32f103xe.o
TIM8_TRG_COM_IRQHandler                           build/startup_stm32f103xe.o
TIM8_UP_IRQHandler                                build/startup_stm32f103xe.o
TIMEx_DMACommutationCplt                          build/stm32f1xx_hal_tim_ex.o
                                                  build/stm32f1xx_hal_tim.o
TIMEx_DMACommutationHalfCplt                      build/stm32f1xx_hal_tim_ex.o
                                                  build/stm32f1xx_hal_tim.o
TIM_Base_SetConfig                                build/stm32f1xx_hal_tim.o
                                                  build/stm32f1xx_hal_tim_ex.o
TIM_CCxChannelCmd                                 build/stm32f1xx_hal_tim.o
                                                  build/stm32f1xx_hal_tim_ex.o
TIM_DMACaptureCplt                                build/stm32f1xx_hal_tim.o
                                                  build/stm32f1xx_hal_tim_ex.o
TIM_DMACaptureHalfCplt                            build/stm32f1xx_hal_tim.o
                                                  build/stm32f1xx_hal_tim_ex.o
TIM_DMADelayPulseHalfCplt                         build/stm32f1xx_hal_tim.o
                                                  build/stm32f1xx_hal_tim_ex.o
TIM_DMAError                                      build/stm32f1xx_hal_tim.o
                                                  build/stm32f1xx_hal_tim_ex.o
TIM_ETR_SetConfig                                 build/stm32f1xx_hal_tim.o
TIM_OC2_SetConfig                                 build/stm32f1xx_hal_tim.o
                                                  build/stm32f1xx_hal_tim_ex.o
TIM_TI1_SetConfig                                 build/stm32f1xx_hal_tim.o
                                                  build/stm32f1xx_hal_tim_ex.o
UART4_IRQHandler                                  build/startup_stm32f103xe.o
UART5_IRQHandler                                  build/startup_stm32f103xe.o
USART1_IRQHandler                                 build/startup_stm32f103xe.o
USART2_IRQHandler                                 build/startup_stm32f103xe.o
USART3_IRQHandler                                 build/startup_stm32f103xe.o
USBWakeUp_IRQHandler                              build/startup_stm32f103xe.o
USB_HP_CAN1_TX_IRQHandler                         build/startup_stm32f103xe.o
USB_LP_CAN1_RX0_IRQHandler                        build/startup_stm32f103xe.o
UsageFault_Handler                                build/stm32f1xx_it.o
WWDG_IRQHandler                                   build/startup_stm32f103xe.o
_ITM_deregisterTMCloneTable                       /usr/lib/gcc/arm-none-eabi/9.2.1/thumb/v7-m/nofp/crtbegin.o
_ITM_registerTMCloneTable                         /usr/lib/gcc/arm-none-eabi/9.2.1/thumb/v7-m/nofp/crtbegin.o
__TMC_END__                                       /usr/lib/gcc/arm-none-eabi/9.2.1/thumb/v7-m/nofp/crtend.o
                                                  /usr/lib/gcc/arm-none-eabi/9.2.1/thumb/v7-m/nofp/crtbegin.o
__atexit_dummy                                    /usr/lib/gcc/arm-none-eabi/9.2.1/../../../arm-none-eabi/lib/thumb/v7-m/nofp/libc_nano.a(lib_a-__atexit.o)
__bss_end__                                       /usr/lib/gcc/arm-none-eabi/9.2.1/../../../arm-none-eabi/lib/thumb/v7-m/nofp/crt0.o
__bss_start__                                     /usr/lib/gcc/arm-none-eabi/9.2.1/../../../arm-none-eabi/lib/thumb/v7-m/nofp/crt0.o
__call_exitprocs                                  /usr/lib/gcc/arm-none-eabi/9.2.1/../../../arm-none-eabi/lib/thumb/v7-m/nofp/libc_nano.a(lib_a-__call_atexit.o)
                                                  /usr/lib/gcc/arm-none-eabi/9.2.1/../../../arm-none-eabi/lib/thumb/v7-m/nofp/libc_nano.a(lib_a-__atexit.o)
                                                  /usr/lib/gcc/arm-none-eabi/9.2.1/../../../arm-none-eabi/lib/thumb/v7-m/nofp/libc_nano.a(lib_a-exit.o)
__deregister_frame_info                           /usr/lib/gcc/arm-none-eabi/9.2.1/thumb/v7-m/nofp/crtbegin.o
__dso_handle                                      /usr/lib/gcc/arm-none-eabi/9.2.1/thumb/v7-m/nofp/crtbegin.o
__fini_array_end                                  /usr/lib/gcc/arm-none-eabi/9.2.1/../../../arm-none-eabi/lib/thumb/v7-m/nofp/libc_nano.a(lib_a-fini.o)
__fini_array_start                                /usr/lib/gcc/arm-none-eabi/9.2.1/../../../arm-none-eabi/lib/thumb/v7-m/nofp/libc_nano.a(lib_a-fini.o)
__init_array_end                                  /usr/lib/gcc/arm-none-eabi/9.2.1/../../../arm-none-eabi/lib/thumb/v7-m/nofp/libc_nano.a(lib_a-init.o)
__init_array_start                                /usr/lib/gcc/arm-none-eabi/9.2.1/../../../arm-none-eabi/lib/thumb/v7-m/nofp/libc_nano.a(lib_a-init.o)
__libc_fini_array                                 /usr/lib/gcc/arm-none-eabi/9.2.1/../../../arm-none-eabi/lib/thumb/v7-m/nofp/libc_nano.a(lib_a-fini.o)
                                                  /usr/lib/gcc/arm-none-eabi/9.2.1/../../../arm-none-eabi/lib/thumb/v7-m/nofp/crt0.o
__libc_init_array                                 /usr/lib/gcc/arm-none-eabi/9.2.1/../../../arm-none-eabi/lib/thumb/v7-m/nofp/libc_nano.a(lib_a-init.o)
                                                  build/startup_stm32f103xe.o
                                                  /usr/lib/gcc/arm-none-eabi/9.2.1/../../../arm-none-eabi/lib/thumb/v7-m/nofp/crt0.o
__on_exit_args                                    /usr/lib/gcc/arm-none-eabi/9.2.1/../../../arm-none-eabi/lib/thumb/v7-m/nofp/libc_nano.a(lib_a-__atexit.o)
__preinit_array_end                               /usr/lib/gcc/arm-none-eabi/9.2.1/../../../arm-none-eabi/lib/thumb/v7-m/nofp/libc_nano.a(lib_a-init.o)
__preinit_array_start                             /usr/lib/gcc/arm-none-eabi/9.2.1/../../../arm-none-eabi/lib/thumb/v7-m/nofp/libc_nano.a(lib_a-init.o)
__register_exitproc                               /usr/lib/gcc/arm-none-eabi/9.2.1/../../../arm-none-eabi/lib/thumb/v7-m/nofp/libc_nano.a(lib_a-__atexit.o)
                                                  /usr/lib/gcc/arm-none-eabi/9.2.1/../../../arm-none-eabi/lib/thumb/v7-m/nofp/libc_nano.a(lib_a-atexit.o)
__register_frame_info                             /usr/lib/gcc/arm-none-eabi/9.2.1/thumb/v7-m/nofp/crtbegin.o
__sf_fake_stderr                                  /usr/lib/gcc/arm-none-eabi/9.2.1/../../../arm-none-eabi/lib/thumb/v7-m/nofp/libc_nano.a(lib_a-impure.o)
__sf_fake_stdin                                   /usr/lib/gcc/arm-none-eabi/9.2.1/../../../arm-none-eabi/lib/thumb/v7-m/nofp/libc_nano.a(lib_a-impure.o)
__sf_fake_stdout                                  /usr/lib/gcc/arm-none-eabi/9.2.1/../../../arm-none-eabi/lib/thumb/v7-m/nofp/libc_nano.a(lib_a-impure.o)
__stack                                           /usr/lib/gcc/arm-none-eabi/9.2.1/../../../arm-none-eabi/lib/thumb/v7-m/nofp/crt0.o
_ebss                                             build/startup_stm32f103xe.o
_edata                                            build/startup_stm32f103xe.o
_estack                                           build/startup_stm32f103xe.o
_exit                                             /usr/lib/gcc/arm-none-eabi/9.2.1/../../../arm-none-eabi/lib/thumb/v7-m/nofp/libnosys.a(_exit.o)
                                                  /usr/lib/gcc/arm-none-eabi/9.2.1/../../../arm-none-eabi/lib/thumb/v7-m/nofp/libc_nano.a(lib_a-exit.o)
_fini                                             /usr/lib/gcc/arm-none-eabi/9.2.1/thumb/v7-m/nofp/crti.o
                                                  /usr/lib/gcc/arm-none-eabi/9.2.1/../../../arm-none-eabi/lib/thumb/v7-m/nofp/libc_nano.a(lib_a-fini.o)
_global_atexit                                    /usr/lib/gcc/arm-none-eabi/9.2.1/../../../arm-none-eabi/lib/thumb/v7-m/nofp/libc_nano.a(lib_a-__call_atexit.o)
                                                  /usr/lib/gcc/arm-none-eabi/9.2.1/../../../arm-none-eabi/lib/thumb/v7-m/nofp/libc_nano.a(lib_a-__atexit.o)
_global_impure_ptr                                /usr/lib/gcc/arm-none-eabi/9.2.1/../../../arm-none-eabi/lib/thumb/v7-m/nofp/libc_nano.a(lib_a-impure.o)
                                                  /usr/lib/gcc/arm-none-eabi/9.2.1/../../../arm-none-eabi/lib/thumb/v7-m/nofp/libc_nano.a(lib_a-exit.o)
_impure_ptr                                       /usr/lib/gcc/arm-none-eabi/9.2.1/../../../arm-none-eabi/lib/thumb/v7-m/nofp/libc_nano.a(lib_a-impure.o)
_init                                             /usr/lib/gcc/arm-none-eabi/9.2.1/thumb/v7-m/nofp/crti.o
                                                  /usr/lib/gcc/arm-none-eabi/9.2.1/../../../arm-none-eabi/lib/thumb/v7-m/nofp/libc_nano.a(lib_a-init.o)
_mainCRTStartup                                   /usr/lib/gcc/arm-none-eabi/9.2.1/../../../arm-none-eabi/lib/thumb/v7-m/nofp/crt0.o
_sbss                                             build/startup_stm32f103xe.o
_sdata                                            build/startup_stm32f103xe.o
_sidata                                           build/startup_stm32f103xe.o
_stack_init                                       /usr/lib/gcc/arm-none-eabi/9.2.1/../../../arm-none-eabi/lib/thumb/v7-m/nofp/crt0.o
_start                                            /usr/lib/gcc/arm-none-eabi/9.2.1/../../../arm-none-eabi/lib/thumb/v7-m/nofp/crt0.o
atexit                                            /usr/lib/gcc/arm-none-eabi/9.2.1/../../../arm-none-eabi/lib/thumb/v7-m/nofp/libc_nano.a(lib_a-atexit.o)
                                                  /usr/lib/gcc/arm-none-eabi/9.2.1/../../../arm-none-eabi/lib/thumb/v7-m/nofp/crt0.o
defaultTaskHandle                                 build/main.o
exit                                              /usr/lib/gcc/arm-none-eabi/9.2.1/../../../arm-none-eabi/lib/thumb/v7-m/nofp/libc_nano.a(lib_a-exit.o)
                                                  /usr/lib/gcc/arm-none-eabi/9.2.1/../../../arm-none-eabi/lib/thumb/v7-m/nofp/crt0.o
g_pfnVectors                                      build/startup_stm32f103xe.o
hardware_init_hook                                /usr/lib/gcc/arm-none-eabi/9.2.1/../../../arm-none-eabi/lib/thumb/v7-m/nofp/crt0.o
htim1                                             build/stm32f1xx_hal_timebase_tim.o
                                                  build/stm32f1xx_it.o
main                                              build/main.o
                                                  build/startup_stm32f103xe.o
                                                  /usr/lib/gcc/arm-none-eabi/9.2.1/../../../arm-none-eabi/lib/thumb/v7-m/nofp/crt0.o
malloc                                            /usr/lib/gcc/arm-none-eabi/9.2.1/../../../arm-none-eabi/lib/thumb/v7-m/nofp/libc_nano.a(lib_a-__atexit.o)
memcpy                                            /usr/lib/gcc/arm-none-eabi/9.2.1/../../../arm-none-eabi/lib/thumb/v7-m/nofp/libc_nano.a(lib_a-memcpy.o)
                                                  build/stream_buffer.o
                                                  build/queue.o
memset                                            /usr/lib/gcc/arm-none-eabi/9.2.1/../../../arm-none-eabi/lib/thumb/v7-m/nofp/libc_nano.a(lib_a-memset.o)
                                                  build/stream_buffer.o
                                                  build/main.o
                                                  /usr/lib/gcc/arm-none-eabi/9.2.1/../../../arm-none-eabi/lib/thumb/v7-m/nofp/crt0.o
osAbortDelay                                      build/cmsis_os.o
osDelay                                           build/cmsis_os.o
                                                  build/main.o
osDelayUntil                                      build/cmsis_os.o
osKernelRunning                                   build/cmsis_os.o
osKernelStart                                     build/cmsis_os.o
                                                  build/main.o
osKernelSysTick                                   build/cmsis_os.o
osMailAlloc                                       build/cmsis_os.o
osMailCAlloc                                      build/cmsis_os.o
osMailCreate                                      build/cmsis_os.o
osMailFree                                        build/cmsis_os.o
osMailGet                                         build/cmsis_os.o
osMailPut                                         build/cmsis_os.o
osMessageAvailableSpace                           build/cmsis_os.o
osMessageCreate                                   build/cmsis_os.o
osMessageDelete                                   build/cmsis_os.o
osMessageGet                                      build/cmsis_os.o
osMessagePeek                                     build/cmsis_os.o
osMessagePut                                      build/cmsis_os.o
osMessageWaiting                                  build/cmsis_os.o
osMutexCreate                                     build/cmsis_os.o
osMutexDelete                                     build/cmsis_os.o
osMutexRelease                                    build/cmsis_os.o
osMutexWait                                       build/cmsis_os.o
osPoolAlloc                                       build/cmsis_os.o
osPoolCAlloc                                      build/cmsis_os.o
osPoolCreate                                      build/cmsis_os.o
osPoolFree                                        build/cmsis_os.o
osRecursiveMutexCreate                            build/cmsis_os.o
osRecursiveMutexRelease                           build/cmsis_os.o
osRecursiveMutexWait                              build/cmsis_os.o
osSemaphoreCreate                                 build/cmsis_os.o
osSemaphoreDelete                                 build/cmsis_os.o
osSemaphoreGetCount                               build/cmsis_os.o
osSemaphoreRelease                                build/cmsis_os.o
osSemaphoreWait                                   build/cmsis_os.o
osSignalSet                                       build/cmsis_os.o
osSignalWait                                      build/cmsis_os.o
osSystickHandler                                  build/cmsis_os.o
osThreadCreate                                    build/cmsis_os.o
                                                  build/main.o
osThreadGetId                                     build/cmsis_os.o
osThreadGetPriority                               build/cmsis_os.o
osThreadList                                      build/cmsis_os.o
osThreadResume                                    build/cmsis_os.o
osThreadResumeAll                                 build/cmsis_os.o
osThreadSetPriority                               build/cmsis_os.o
osThreadSuspend                                   build/cmsis_os.o
osThreadSuspendAll                                build/cmsis_os.o
osThreadTerminate                                 build/cmsis_os.o
osThreadYield                                     build/cmsis_os.o
osTimerCreate                                     build/cmsis_os.o
osTimerDelete                                     build/cmsis_os.o
osTimerStart                                      build/cmsis_os.o
osTimerStop                                       build/cmsis_os.o
pFlash                                            build/stm32f1xx_hal_flash.o
                                                  build/stm32f1xx_hal_flash_ex.o
pcQueueGetName                                    build/queue.o
pcTaskGetName                                     build/tasks.o
pvPortMalloc                                      build/heap_4.o
                                                  build/cmsis_os.o
                                                  build/tasks.o
                                                  build/stream_buffer.o
                                                  build/queue.o
                                                  build/event_groups.o
pvTaskIncrementMutexHeldCount                     build/tasks.o
                                                  build/queue.o
pxCurrentTCB                                      build/tasks.o
                                                  build/port.o
pxPortInitialiseStack                             build/port.o
                                                  build/tasks.o
software_init_hook                                /usr/lib/gcc/arm-none-eabi/9.2.1/../../../arm-none-eabi/lib/thumb/v7-m/nofp/crt0.o
ulTaskNotifyTake                                  build/tasks.o
uwTick                                            build/stm32f1xx_hal.o
uwTickFreq                                        build/stm32f1xx_hal.o
uwTickPrio                                        build/stm32f1xx_hal.o
                                                  build/stm32f1xx_hal_rcc.o
uxListRemove                                      build/list.o
                                                  build/tasks.o
uxQueueMessagesWaiting                            build/queue.o
                                                  build/cmsis_os.o
uxQueueMessagesWaitingFromISR                     build/queue.o
                                                  build/cmsis_os.o
uxQueueSpacesAvailable                            build/queue.o
                                                  build/cmsis_os.o
uxTaskGetNumberOfTasks                            build/tasks.o
uxTaskPriorityGet                                 build/tasks.o
                                                  build/cmsis_os.o
uxTaskPriorityGetFromISR                          build/tasks.o
                                                  build/cmsis_os.o
uxTaskResetEventItemValue                         build/tasks.o
                                                  build/event_groups.o
vApplicationGetIdleTaskMemory                     build/freertos.o
                                                  build/tasks.o
vEventGroupClearBitsCallback                      build/event_groups.o
vEventGroupDelete                                 build/event_groups.o
vEventGroupSetBitsCallback                        build/event_groups.o
vListInitialise                                   build/list.o
                                                  build/tasks.o
                                                  build/queue.o
                                                  build/event_groups.o
vListInitialiseItem                               build/list.o
                                                  build/tasks.o
vListInsert                                       build/list.o
                                                  build/tasks.o
vListInsertEnd                                    build/list.o
                                                  build/tasks.o
vPortEndScheduler                                 build/port.o
                                                  build/tasks.o
vPortEnterCritical                                build/port.o
                                                  build/cmsis_os.o
                                                  build/tasks.o
                                                  build/stream_buffer.o
                                                  build/queue.o
                                                  build/event_groups.o
vPortExitCritical                                 build/port.o
                                                  build/cmsis_os.o
                                                  build/tasks.o
                                                  build/stream_buffer.o
                                                  build/queue.o
                                                  build/event_groups.o
vPortFree                                         build/heap_4.o
                                                  build/cmsis_os.o
                                                  build/tasks.o
                                                  build/stream_buffer.o
                                                  build/queue.o
                                                  build/event_groups.o
vPortInitialiseBlocks                             build/heap_4.o
vPortSetupTimerInterrupt                          build/port.o
vPortValidateInterruptPriority                    build/port.o
                                                  build/tasks.o
                                                  build/queue.o
vQueueAddToRegistry                               build/queue.o
vQueueDelete                                      build/queue.o
                                                  build/cmsis_os.o
vQueueUnregisterQueue                             build/queue.o
vStreamBufferDelete                               build/stream_buffer.o
vTaskDelay                                        build/tasks.o
                                                  build/cmsis_os.o
vTaskDelete                                       build/tasks.o
                                                  build/cmsis_os.o
vTaskEndScheduler                                 build/tasks.o
vTaskInternalSetTimeOutState                      build/tasks.o
                                                  build/queue.o
vTaskMissedYield                                  build/tasks.o
                                                  build/queue.o
vTaskNotifyGiveFromISR                            build/tasks.o
vTaskPlaceOnEventList                             build/tasks.o